#
# A fatal error has been detected by the Java Runtime Environment:
#
#  EXCEPTION_ACCESS_VIOLATION (0xc0000005) at pc=0x00007ff91211c4b8, pid=6708, tid=5420
#
# JRE version: OpenJDK Runtime Environment Temurin-21.0.8+9 (21.0.8+9) (build 21.0.8+9-LTS)
# Java VM: OpenJDK 64-Bit Server VM Temurin-21.0.8+9 (21.0.8+9-LTS, mixed mode, sharing, tiered, compressed oops, compressed class ptrs, parallel gc, windows-amd64)
# Problematic frame:
# V  [jvm.dll+0xc4b8]
#
# No core dump will be written. Minidumps are not enabled by default on client versions of Windows
#
# If you would like to submit a bug report, please visit:
#   https://github.com/adoptium/adoptium-support/issues
#

---------------  S U M M A R Y ------------

Command Line: --add-modules=ALL-SYSTEM --add-opens=java.base/java.util=ALL-UNNAMED --add-opens=java.base/java.lang=ALL-UNNAMED --add-opens=java.base/sun.nio.fs=ALL-UNNAMED -Declipse.application=org.eclipse.jdt.ls.core.id1 -Dosgi.bundles.defaultStartLevel=4 -Declipse.product=org.eclipse.jdt.ls.core.product -Djava.import.generatesMetadataFilesAtProjectRoot=false -DDetectVMInstallationsJob.disabled=true -Dfile.encoding=utf8 -XX:+UseParallelGC -XX:GCTimeRatio=4 -XX:AdaptiveSizePolicyWeight=90 -Dsun.zip.disableMemoryMapping=true -Xmx2G -Xms100m -Xlog:disable -javaagent:c:\Users\Fabi\.vscode\extensions\redhat.java-1.47.0-win32-x64\lombok\lombok-1.18.39-4050.jar -XX:+HeapDumpOnOutOfMemoryError -XX:HeapDumpPath=c:\Users\Fabi\AppData\Roaming\Code\User\workspaceStorage\b99e1eaa5a9575e18e42c0a4b3b79132\redhat.java -Daether.dependencyCollector.impl=bf c:\Users\Fabi\.vscode\extensions\redhat.java-1.47.0-win32-x64\server\plugins\org.eclipse.equinox.launcher_1.7.100.v20251014-1222.jar -configuration c:\Users\Fabi\AppData\Roaming\Code\User\globalStorage\redhat.java\1.47.0\config_win -data c:\Users\Fabi\AppData\Roaming\Code\User\workspaceStorage\b99e1eaa5a9575e18e42c0a4b3b79132\redhat.java\jdt_ws --pipe=\\.\pipe\lsp-eb8623cc07f925b62eefb252b85187ea-sock

Host: Intel(R) Core(TM) i5-7400 CPU @ 3.00GHz, 4 cores, 7G,  Windows 10 , 64 bit Build 19041 (10.0.19041.5915)
Time: Mon Dec  1 19:02:44 2025 Hora estándar de Argentina elapsed time: 7226.400614 seconds (0d 2h 0m 26s)

---------------  T H R E A D  ---------------

Current thread (0x000001cc078f3850):  WorkerThread "GC Thread#1"    [id=5420, stack(0x000000606ad00000,0x000000606ae00000) (1024K)]

Stack: [0x000000606ad00000,0x000000606ae00000],  sp=0x000000606adff758,  free space=1021k
Native frames: (J=compiled Java code, j=interpreted, Vv=VM code, C=native code)
V  [jvm.dll+0xc4b8]


siginfo: EXCEPTION_ACCESS_VIOLATION (0xc0000005), reading address 0x000001cc002b0022


Registers:
RAX=0x0000000000000001, RBX=0x0000000085cfaeaa, RCX=0x0000000000000000, RDX=0x0000000085cfaeaa
RSP=0x000000606adff758, RBP=0x000000008ba7e9d8, RSI=0x000001cbacfdc1b0, RDI=0x000000008ba7d284
R8 =0x000001cc002b001a, R9 =0x0000000000001d58, R10=0x0000000086553d38, R11=0x00000000000000ca
R12=0x00007ff912d4f250, R13=0x000000606a1fee50, R14=0x0000000000000000, R15=0x00007ff912ba1be0
RIP=0x00007ff91211c4b8, EFLAGS=0x0000000000010202

XMM[0]=0x0000000000004000 0x000000008ba6e9c8
XMM[1]=0x0000000000000000 0x0000006069eff3a0
XMM[2]=0x0000000000000000 0x0000000000000000
XMM[3]=0x0000000000000000 0x0000000000000000
XMM[4]=0x0000000000000000 0x0000000000000000
XMM[5]=0x0000000000000000 0x0000000000000000
XMM[6]=0x0000000000000000 0x0000000000000000
XMM[7]=0x0000000000000000 0x0000000000000000
XMM[8]=0x0000000000000000 0x0000000000000000
XMM[9]=0x0000000000000000 0x0000000000000000
XMM[10]=0x0000000000000000 0x0000000000000000
XMM[11]=0x0000000000000000 0x0000000000000000
XMM[12]=0x0000000000000000 0x0000000000000000
XMM[13]=0x0000000000000000 0x0000000000000000
XMM[14]=0x0000000000000000 0x0000000000000000
XMM[15]=0x0000000000000000 0x0000000000000000
  MXCSR=0x00001fa0


Register to memory mapping:

RAX=0x0000000000000001 is an unknown value
RBX=0x0000000085cfaeaa is pointing into object: java.util.HashMap$Node 
{0x0000000085cfaea8} - klass: 'java/util/HashMap$Node'
 - ---- fields (total size 4 words):
 - final 'hash' 'I' @12  -2031666645 (0x86e73a2b)
 - final 'key' 'Ljava/lang/Object;' @16  a 'org/eclipse/jdt/internal/core/Annotation'{0x0000000085cf4f60} (0x85cf4f60)
 - 'value' 'Ljava/lang/Object;' @20  a 'org/eclipse/jdt/internal/core/AnnotationInfo'{0x0000000085cfaec8} (0x85cfaec8)
 - 'next' 'Ljava/util/HashMap$Node;' @24  
[error occurred during error reporting (printing register info), id 0xc0000005, EXCEPTION_ACCESS_VIOLATION (0xc0000005) at pc=0x00007ff9127cd2cd]
RCX=0x0 is null
RDX=0x0000000085cfaeaa is pointing into object: java.util.HashMap$Node 
{0x0000000085cfaea8} - klass: 'java/util/HashMap$Node'
 - ---- fields (total size 4 words):
 - final 'hash' 'I' @12  -2031666645 (0x86e73a2b)
 - final 'key' 'Ljava/lang/Object;' @16  a 'org/eclipse/jdt/internal/core/Annotation'{0x0000000085cf4f60} (0x85cf4f60)
 - 'value' 'Ljava/lang/Object;' @20  a 'org/eclipse/jdt/internal/core/AnnotationInfo'{0x0000000085cfaec8} (0x85cfaec8)
 - 'next' 'Ljava/util/HashMap$Node;' @24  
[error occurred during error reporting (printing register info, attempt 2), id 0xc0000005, EXCEPTION_ACCESS_VIOLATION (0xc0000005) at pc=0x00007ff9127cd2cd]
RSP=0x000000606adff758 points into unknown readable memory: 0x00007ff9127ee99e | 9e e9 7e 12 f9 7f 00 00
RBP=0x000000008ba7e9d8 is pointing into object: [Ljava.util.HashMap$Node; 
{0x000000008ba6e9c8} - klass: 'java/util/HashMap$Node'[]
 - length: 65536
RSI=0x000001cbacfdc1b0 points into unknown readable memory: 0x000001cbacdd0150 | 50 01 dd ac cb 01 00 00
RDI=0x000000008ba7d284 is pointing into object: [Ljava.util.HashMap$Node; 
{0x000000008ba6e9c8} - klass: 'java/util/HashMap$Node'[]
 - length: 65536
R8 =0x000001cc002b001a is an unknown value
R9 =0x0000000000001d58 is an unknown value
R10=0x0000000086553d38 is an oop: java.util.HashMap$Node 
{0x0000000086553d38} - klass: 'java/util/HashMap$Node'
 - ---- fields (total size 4 words):
 - final 'hash' 'I' @12  -349226454 (0xeb2f3a2a)
 - final 'key' 'Ljava/lang/Object;' @16  a 'org/eclipse/jdt/internal/core/ImportDeclaration'{0x0000000086528ef0} (0x86528ef0)
 - 'value' 'Ljava/lang/Object;' @20  a 'org/eclipse/jdt/internal/core/ImportDeclarationElementInfo'{0x0000000086553d58} (0x86553d58)
 - 'next' 'Ljava/util/HashMap$Node;' @24  null (0x00000000)
R11=0x00000000000000ca is an unknown value
R12=0x00007ff912d4f250 jvm.dll
R13=0x000000606a1fee50 points into unknown readable memory: 0x00007ff912ba2640 | 40 26 ba 12 f9 7f 00 00
R14=0x0 is null
R15=0x00007ff912ba1be0 jvm.dll

Top of Stack: (sp=0x000000606adff758)
0x000000606adff758:   00007ff9127ee99e 0000000086553d38
0x000000606adff768:   000000008ba7d280 000000008ba6e9c8
0x000000606adff778:   0000000000004000 0000000085cfaeaa
0x000000606adff788:   00007ff912816a39 00007ff912ba1be0
0x000000606adff798:   0000000000000000 000000606a1fee50
0x000000606adff7a8:   00007ff912d4f250 000001cbacfdc1b0
0x000000606adff7b8:   00007ff91281dbcb 0000000080f22cd0
0x000000606adff7c8:   000000606a1fef90 0000000000000001
0x000000606adff7d8:   0000000080f22cd0 000000008ba6e9c8
0x000000606adff7e8:   000001cb00003800 00007ff912ba1be0
0x000000606adff7f8:   000001cbace17190 000001cc00000004
0x000000606adff808:   000001cbacfdc1b0 0000000000000070
0x000000606adff818:   000001cc0c047ac8 000001cbacfdc1b0
0x000000606adff828:   000001cc078df000 0000000000000001
0x000000606adff838:   00007ff91281eaec 0000000000000005
0x000000606adff848:   000000606a1fef58 0000000000000000
0x000000606adff858:   0000000000000005 0000006000000001
0x000000606adff868:   00007ff912ba2450 000001cbacfdc1b0
0x000000606adff878:   00007ff912ba2630 0000000000000001
0x000000606adff888:   0000000000000000 0000000000000000
0x000000606adff898:   0000000000000000 0000c91b2cd91a19
0x000000606adff8a8:   0000000000000000 0000000000000070
0x000000606adff8b8:   000001cc0c047ac8 0000000000000000
0x000000606adff8c8:   0000000000000030 000001cc078df000
0x000000606adff8d8:   0000000000000001 000001cc078f3850
0x000000606adff8e8:   00007ff9129ec2e7 000001cbacdf50b8
0x000000606adff8f8:   000001cc078f3850 000001cbacdf50b8
0x000000606adff908:   000001cc078df000 0000000000000000
0x000000606adff918:   000001cc078f3850 0000000000000000
0x000000606adff928:   0000000000100000 0000000000000000
0x000000606adff938:   00007ff912967e6b 000000606ad00000
0x000000606adff948:   00000000ffffffff 0000000000000000 

Instructions: (pc=0x00007ff91211c4b8)
0x00007ff91211c3b8:   8b 5c 24 30 48 8b c2 48 83 c4 20 5f c3 cc cc cc
0x00007ff91211c3c8:   cc cc cc cc cc cc cc cc 48 8b 11 e9 08 f6 ff ff
0x00007ff91211c3d8:   cc cc cc cc cc cc cc cc 4c 8b c1 ba 64 60 08 00
0x00007ff91211c3e8:   48 8b 0d b1 16 c8 00 e9 5c ea ff ff cc cc cc cc
0x00007ff91211c3f8:   cc cc cc cc cc cc cc cc 48 8b 05 b1 66 cd 00 48
0x00007ff91211c408:   8b d1 48 23 c1 48 a9 00 f0 00 00 75 5d 48 8b 05
0x00007ff91211c418:   94 66 cd 00 48 23 c1 48 a9 00 f0 00 00 75 43 0f
0x00007ff91211c428:   b6 c2 24 30 3c 30 74 3a 48 c1 e9 0c 48 8d 05 f5
0x00007ff91211c438:   4a 94 00 83 e1 0f 8b 0c 88 48 8b 05 30 66 cd 00
0x00007ff91211c448:   48 d3 ea 48 c1 e8 15 48 c1 ea 15 48 23 d0 48 8b
0x00007ff91211c458:   05 13 69 cd 00 48 8b 48 60 48 8b 04 d1 48 85 c0
0x00007ff91211c468:   75 08 48 8b 05 07 69 cd 00 c3 48 8b 05 f7 68 cd
0x00007ff91211c478:   00 c3 cc cc cc cc cc cc 8b 05 b2 3b c2 00 c3 cc
0x00007ff91211c488:   cc cc cc cc cc cc cc cc 0f b6 05 d8 50 c2 00 48
0x00007ff91211c498:   8b d1 84 c0 74 16 44 8b 41 08 8b 0d 90 3b c2 00
0x00007ff91211c4a8:   49 d3 e0 4c 03 05 7e 3b c2 00 eb 04 4c 8b 41 08
0x00007ff91211c4b8:   45 8b 48 08 45 85 c9 7e 0e 41 f6 c1 01 75 53 41
0x00007ff91211c4c8:   c1 f9 03 49 63 c1 c3 79 49 84 c0 41 b8 0c 00 00
0x00007ff91211c4d8:   00 8b 05 c9 4c c2 00 b9 10 00 00 00 41 0f 45 c8
0x00007ff91211c4e8:   ff c8 4c 63 c0 41 8b c1 48 c1 f8 10 0f b6 c0 48
0x00007ff91211c4f8:   63 14 11 41 8b c9 83 e1 3f 48 d3 e2 49 8d 0c 10
0x00007ff91211c508:   49 f7 d0 48 03 c1 49 c1 e8 03 48 c1 e8 03 49 23
0x00007ff91211c518:   c0 c3 49 8b 00 49 8b c8 48 ff a0 00 01 00 00 cc
0x00007ff91211c528:   cc cc cc cc cc cc cc cc 8b 44 24 30 45 03 c9 44
0x00007ff91211c538:   2b 4c 24 28 83 c0 0b 44 03 ca 45 03 c8 41 03 c1
0x00007ff91211c548:   c3 cc cc cc cc cc cc cc 4c 8b c2 48 8b d1 45 8b
0x00007ff91211c558:   48 08 45 85 c9 7e 0e 41 f6 c1 01 75 56 41 c1 f9
0x00007ff91211c568:   03 49 63 c1 c3 79 4c 80 3d f9 4f c2 00 00 b8 0c
0x00007ff91211c578:   00 00 00 b9 10 00 00 00 0f 45 c8 8b 05 1f 4c c2
0x00007ff91211c588:   00 ff c8 4c 63 c0 41 8b c1 48 c1 f8 10 48 63 14
0x00007ff91211c598:   11 41 8b c9 83 e1 3f 0f b6 c0 48 d3 e2 49 8d 0c
0x00007ff91211c5a8:   10 49 f7 d0 48 03 c1 49 c1 e8 03 48 c1 e8 03 49 


Stack slot to memory mapping:

stack at sp + 0 slots: 0x00007ff9127ee99e jvm.dll
stack at sp + 1 slots: 0x0000000086553d38 is an oop: java.util.HashMap$Node 
{0x0000000086553d38} - klass: 'java/util/HashMap$Node'
 - ---- fields (total size 4 words):
 - final 'hash' 'I' @12  -349226454 (0xeb2f3a2a)
 - final 'key' 'Ljava/lang/Object;' @16  a 'org/eclipse/jdt/internal/core/ImportDeclaration'{0x0000000086528ef0} (0x86528ef0)
 - 'value' 'Ljava/lang/Object;' @20  a 'org/eclipse/jdt/internal/core/ImportDeclarationElementInfo'{0x0000000086553d58} (0x86553d58)
 - 'next' 'Ljava/util/HashMap$Node;' @24  null (0x00000000)
stack at sp + 2 slots: 0x000000008ba7d280 is pointing into object: [Ljava.util.HashMap$Node; 
{0x000000008ba6e9c8} - klass: 'java/util/HashMap$Node'[]
 - length: 65536
stack at sp + 3 slots: 0x000000008ba6e9c8 is an oop: [Ljava.util.HashMap$Node; 
{0x000000008ba6e9c8} - klass: 'java/util/HashMap$Node'[]
 - length: 65536
stack at sp + 4 slots: 0x0000000000004000 is an unknown value
stack at sp + 5 slots: 0x0000000085cfaeaa is pointing into object: java.util.HashMap$Node 
{0x0000000085cfaea8} - klass: 'java/util/HashMap$Node'
 - ---- fields (total size 4 words):
 - final 'hash' 'I' @12  -2031666645 (0x86e73a2b)
 - final 'key' 'Ljava/lang/Object;' @16  a 'org/eclipse/jdt/internal/core/Annotation'{0x0000000085cf4f60} (0x85cf4f60)
 - 'value' 'Ljava/lang/Object;' @20  a 'org/eclipse/jdt/internal/core/AnnotationInfo'{0x0000000085cfaec8} (0x85cfaec8)
 - 'next' 'Ljava/util/HashMap$Node;' @24  
[error occurred during error reporting (inspecting top of stack), id 0xc0000005, EXCEPTION_ACCESS_VIOLATION (0xc0000005) at pc=0x00007ff9127cd2cd]
stack at sp + 6 slots: 0x00007ff912816a39 jvm.dll
stack at sp + 7 slots: 0x00007ff912ba1be0 jvm.dll


---------------  P R O C E S S  ---------------

Threads class SMR info:
_java_thread_list=0x000001cc0d5e6180, length=36, elements={
0x000001cbace0f3e0, 0x000001cbc583ac80, 0x000001cbc583cb90, 0x000001cbc58443a0,
0x000001cbc58471c0, 0x000001cbc5848d80, 0x000001cbc58497d0, 0x000001cbc584a600,
0x000001cbc5879170, 0x000001cc076a8280, 0x000001cc078d4ff0, 0x000001cc0c620090,
0x000001cc0c7b1a40, 0x000001cc0c55f3e0, 0x000001cc0c55fe10, 0x000001cc0c9cb4a0,
0x000001cc0c972610, 0x000001cc0c3f4ce0, 0x000001cc0cf9a5c0, 0x000001cc0c4cf990,
0x000001cc0e7ee660, 0x000001cc0e7ed2b0, 0x000001cc0e7f0dc0, 0x000001cc0e7eecf0,
0x000001cc0e7f1450, 0x000001cc0e7ec590, 0x000001cc0e7ed940, 0x000001cc0e7ebf00,
0x000001cc07a324f0, 0x000001cc07a352e0, 0x000001cc0e606420, 0x000001cc0f246f00,
0x000001cc0f247c20, 0x000001cc0e7ecc20, 0x000001cc0e7ea4c0, 0x000001cc0e7eb1e0
}

Java Threads: ( => current thread )
  0x000001cbace0f3e0 JavaThread "main"                              [_thread_blocked, id=9860, stack(0x0000006069e00000,0x0000006069f00000) (1024K)]
  0x000001cbc583ac80 JavaThread "Reference Handler"          daemon [_thread_blocked, id=3860, stack(0x000000606a200000,0x000000606a300000) (1024K)]
  0x000001cbc583cb90 JavaThread "Finalizer"                  daemon [_thread_blocked, id=5352, stack(0x000000606a300000,0x000000606a400000) (1024K)]
  0x000001cbc58443a0 JavaThread "Signal Dispatcher"          daemon [_thread_blocked, id=10140, stack(0x000000606a400000,0x000000606a500000) (1024K)]
  0x000001cbc58471c0 JavaThread "Attach Listener"            daemon [_thread_blocked, id=9380, stack(0x000000606a500000,0x000000606a600000) (1024K)]
  0x000001cbc5848d80 JavaThread "Service Thread"             daemon [_thread_blocked, id=9612, stack(0x000000606a600000,0x000000606a700000) (1024K)]
  0x000001cbc58497d0 JavaThread "Monitor Deflation Thread"   daemon [_thread_blocked, id=2928, stack(0x000000606a700000,0x000000606a800000) (1024K)]
  0x000001cbc584a600 JavaThread "C2 CompilerThread0"         daemon [_thread_blocked, id=1748, stack(0x000000606a800000,0x000000606a900000) (1024K)]
  0x000001cbc5879170 JavaThread "C1 CompilerThread0"         daemon [_thread_blocked, id=5348, stack(0x000000606a900000,0x000000606aa00000) (1024K)]
  0x000001cc076a8280 JavaThread "Common-Cleaner"             daemon [_thread_blocked, id=1592, stack(0x000000606aa00000,0x000000606ab00000) (1024K)]
  0x000001cc078d4ff0 JavaThread "Notification Thread"        daemon [_thread_blocked, id=860, stack(0x000000606ab00000,0x000000606ac00000) (1024K)]
  0x000001cc0c620090 JavaThread "Active Thread: Equinox Container: 881ec3f7-0fdc-46bb-97cf-57866def8f23"        [_thread_blocked, id=9720, stack(0x000000606ac00000,0x000000606ad00000) (1024K)]
  0x000001cc0c7b1a40 JavaThread "Refresh Thread: Equinox Container: 881ec3f7-0fdc-46bb-97cf-57866def8f23" daemon [_thread_blocked, id=9764, stack(0x000000606b000000,0x000000606b100000) (1024K)]
  0x000001cc0c55f3e0 JavaThread "Framework Event Dispatcher: Equinox Container: 881ec3f7-0fdc-46bb-97cf-57866def8f23" daemon [_thread_blocked, id=8056, stack(0x000000606b100000,0x000000606b200000) (1024K)]
  0x000001cc0c55fe10 JavaThread "Start Level: Equinox Container: 881ec3f7-0fdc-46bb-97cf-57866def8f23" daemon [_thread_blocked, id=1384, stack(0x000000606b200000,0x000000606b300000) (1024K)]
  0x000001cc0c9cb4a0 JavaThread "Bundle File Closer"         daemon [_thread_blocked, id=9952, stack(0x000000606b400000,0x000000606b500000) (1024K)]
  0x000001cc0c972610 JavaThread "SCR Component Actor"        daemon [_thread_blocked, id=9800, stack(0x000000606b300000,0x000000606b400000) (1024K)]
  0x000001cc0c3f4ce0 JavaThread "Worker-JM"                         [_thread_blocked, id=1840, stack(0x000000606b500000,0x000000606b600000) (1024K)]
  0x000001cc0cf9a5c0 JavaThread "JNA Cleaner"                daemon [_thread_blocked, id=8, stack(0x000000606b700000,0x000000606b800000) (1024K)]
  0x000001cc0c4cf990 JavaThread "Java indexing"              daemon [_thread_blocked, id=4948, stack(0x000000606ba00000,0x000000606bb00000) (1024K)]
  0x000001cc0e7ee660 JavaThread "Thread-1"                   daemon [_thread_in_native, id=2296, stack(0x000000606c000000,0x000000606c100000) (1024K)]
  0x000001cc0e7ed2b0 JavaThread "Thread-2"                   daemon [_thread_in_native, id=9200, stack(0x000000606c100000,0x000000606c200000) (1024K)]
  0x000001cc0e7f0dc0 JavaThread "Thread-3"                   daemon [_thread_in_native, id=912, stack(0x000000606c200000,0x000000606c300000) (1024K)]
  0x000001cc0e7eecf0 JavaThread "Thread-4"                   daemon [_thread_in_native, id=8528, stack(0x000000606c300000,0x000000606c400000) (1024K)]
  0x000001cc0e7f1450 JavaThread "Thread-5"                   daemon [_thread_in_native, id=9592, stack(0x000000606c400000,0x000000606c500000) (1024K)]
  0x000001cc0e7ec590 JavaThread "pool-2-thread-1"                   [_thread_blocked, id=1720, stack(0x000000606c500000,0x000000606c600000) (1024K)]
  0x000001cc0e7ed940 JavaThread "WorkspaceEventsHandler"            [_thread_blocked, id=2768, stack(0x000000606c700000,0x000000606c800000) (1024K)]
  0x000001cc0e7ebf00 JavaThread "pool-1-thread-1"                   [_thread_blocked, id=4692, stack(0x000000606c800000,0x000000606c900000) (1024K)]
  0x000001cc07a324f0 JavaThread "Cleaner-0"                  daemon [_thread_blocked, id=3376, stack(0x000000606c900000,0x000000606ca00000) (1024K)]
  0x000001cc07a352e0 JavaThread "Worker-17: Building"               [_thread_blocked, id=2076, stack(0x000000606be00000,0x000000606bf00000) (1024K)]
  0x000001cc0e606420 JavaThread "Worker-21"                         [_thread_blocked, id=8516, stack(0x000000606c600000,0x000000606c700000) (1024K)]
  0x000001cc0f246f00 JavaThread "ForkJoinPool.commonPool-worker-28" daemon [_thread_blocked, id=2280, stack(0x0000006069d00000,0x0000006069e00000) (1024K)]
  0x000001cc0f247c20 JavaThread "ForkJoinPool.commonPool-worker-29" daemon [_thread_blocked, id=7676, stack(0x000000606b600000,0x000000606b700000) (1024K)]
  0x000001cc0e7ecc20 JavaThread "Java Debug Server"          daemon [_thread_in_native, id=10768, stack(0x000000606b800000,0x000000606b900000) (1024K)]
  0x000001cc0e7ea4c0 JavaThread "RxSchedulerPurge-1"         daemon [_thread_blocked, id=10312, stack(0x000000606bb00000,0x000000606bc00000) (1024K)]
  0x000001cc0e7eb1e0 JavaThread "RxCachedWorkerPoolEvictor-1" daemon [_thread_blocked, id=5016, stack(0x000000606bc00000,0x000000606bd00000) (1024K)]
Total: 36

Other Threads:
  0x000001cbacffebe0 VMThread "VM Thread"                           [id=3112, stack(0x000000606a100000,0x000000606a200000) (1024K)]
  0x000001cbacfaa740 WatcherThread "VM Periodic Task Thread"        [id=1876, stack(0x000000606a000000,0x000000606a100000) (1024K)]
  0x000001cbacf5dee0 WorkerThread "GC Thread#0"                     [id=884, stack(0x0000006069f00000,0x000000606a000000) (1024K)]
=>0x000001cc078f3850 WorkerThread "GC Thread#1"                     [id=5420, stack(0x000000606ad00000,0x000000606ae00000) (1024K)]
  0x000001cc078f3bf0 WorkerThread "GC Thread#2"                     [id=1360, stack(0x000000606ae00000,0x000000606af00000) (1024K)]
  0x000001cc0c086cf0 WorkerThread "GC Thread#3"                     [id=3944, stack(0x000000606af00000,0x000000606b000000) (1024K)]
Total: 6

Threads with active compile tasks:
Total: 0

VM state: at safepoint (normal execution)

VM Mutex/Monitor currently owned by a thread:  ([mutex/lock_event])
[0x00007ff912dc5458] Threads_lock - owner thread: 0x000001cbacffebe0
[0x00007ff912dc5558] Heap_lock - owner thread: 0x000001cc07a352e0

Heap address: 0x0000000080000000, size: 2048 MB, Compressed Oops mode: 32-bit

CDS archive(s) mapped at: [0x000001cbc6000000-0x000001cbc6ba0000-0x000001cbc6ba0000), size 12189696, SharedBaseAddress: 0x000001cbc6000000, ArchiveRelocationMode: 1.
Compressed class space mapped at: 0x000001cbc7000000-0x000001cc07000000, reserved size: 1073741824
Narrow klass base: 0x000001cbc6000000, Narrow klass shift: 0, Narrow klass range: 0x100000000

GC Precious Log:
 CardTable entry size: 512
 CPUs: 4 total, 4 available
 Memory: 8072M
 Large Page Support: Disabled
 NUMA Support: Disabled
 Compressed Oops: Enabled (32-bit)
 Alignments: Space 512K, Generation 512K, Heap 2M
 Heap Min Capacity: 100M
 Heap Initial Capacity: 100M
 Heap Max Capacity: 2G
 Pre-touch: Disabled
 Parallel Workers: 4

Heap:
 PSYoungGen      total 14336K, used 0K [0x00000000d5580000, 0x00000000d6600000, 0x0000000100000000)
  eden space 13824K, 0% used [0x00000000d5580000,0x00000000d5580000,0x00000000d6300000)
  from space 512K, 0% used [0x00000000d6500000,0x00000000d6500000,0x00000000d6580000)
  to   space 512K, 0% used [0x00000000d6580000,0x00000000d6580000,0x00000000d6600000)
 ParOldGen       total 1398272K, used 1391957K [0x0000000080000000, 0x00000000d5580000, 0x00000000d5580000)
  object space 1398272K, 99% used [0x0000000080000000,0x00000000d4f55610,0x00000000d5580000)
 Metaspace       used 98283K, committed 100032K, reserved 1179648K
  class space    used 10001K, committed 10816K, reserved 1048576K

Card table byte_map: [0x000001cbc0c10000,0x000001cbc1020000] _byte_map_base: 0x000001cbc0810000

Marking Bits: (ParMarkBitMap*) 0x00007ff912dca340
 Begin Bits: [0x000001cbc12d0000, 0x000001cbc32d0000)
 End Bits:   [0x000001cbc32d0000, 0x000001cbc52d0000)

Polling page: 0x000001cbb1a00000

Metaspace:

Usage:
  Non-class:     86.21 MB used.
      Class:      9.77 MB used.
       Both:     95.98 MB used.

Virtual space:
  Non-class space:      128.00 MB reserved,      87.12 MB ( 68%) committed,  2 nodes.
      Class space:        1.00 GB reserved,      10.56 MB (  1%) committed,  1 nodes.
             Both:        1.12 GB reserved,      97.69 MB (  8%) committed. 

Chunk freelists:
   Non-Class:  8.91 MB
       Class:  5.45 MB
        Both:  14.37 MB

MaxMetaspaceSize: unlimited
CompressedClassSpaceSize: 1.00 GB
Initial GC threshold: 21.00 MB
Current GC threshold: 155.12 MB
CDS: on
 - commit_granule_bytes: 65536.
 - commit_granule_words: 8192.
 - virtual_space_node_default_size: 8388608.
 - enlarge_chunks_in_place: 1.
 - use_allocation_guard: 0.


Internal statistics:

num_allocs_failed_limit: 9.
num_arena_births: 2020.
num_arena_deaths: 462.
num_vsnodes_births: 3.
num_vsnodes_deaths: 0.
num_space_committed: 1563.
num_space_uncommitted: 0.
num_chunks_returned_to_freelist: 545.
num_chunks_taken_from_freelist: 7062.
num_chunk_merges: 144.
num_chunk_splits: 4082.
num_chunks_enlarged: 2281.
num_inconsistent_stats: 0.

CodeHeap 'non-profiled nmethods': size=120000Kb used=26459Kb max_used=27040Kb free=93540Kb
 bounds [0x000001cbb94f0000, 0x000001cbbaf80000, 0x000001cbc0a20000]
CodeHeap 'profiled nmethods': size=120000Kb used=33568Kb max_used=53205Kb free=86431Kb
 bounds [0x000001cbb1a20000, 0x000001cbb4e20000, 0x000001cbb8f50000]
CodeHeap 'non-nmethods': size=5760Kb used=1544Kb max_used=1644Kb free=4215Kb
 bounds [0x000001cbb8f50000, 0x000001cbb91c0000, 0x000001cbb94f0000]
CodeCache: size=245760Kb, used=61571Kb, max_used=81889Kb, free=184186Kb
 total_blobs=16667, nmethods=15802, adapters=767, full_count=0
Compilation: enabled, stopped_count=0, restarted_count=0

Compilation events (20 events):
Event: 7223.994 Thread 0x000001cbc584a600 30549       4       com.sun.org.apache.xerces.internal.parsers.XML11Configuration::addRecognizedParamsAndSetDefaults (173 bytes)
Event: 7224.010 Thread 0x000001cbc5879170 30552       3       java.lang.StringBuilder::append (8 bytes)
Event: 7224.011 Thread 0x000001cbc5879170 nmethod 30552 0x000001cbb3371810 code [0x000001cbb33719c0, 0x000001cbb3371b10]
Event: 7224.011 Thread 0x000001cbc5879170 30553       3       java.lang.AbstractStringBuilder::append (161 bytes)
Event: 7224.011 Thread 0x000001cbc5879170 nmethod 30553 0x000001cbb39a1390 code [0x000001cbb39a15a0, 0x000001cbb39a1ad8]
Event: 7224.012 Thread 0x000001cbc5879170 30554       3       org.apache.maven.lifecycle.internal.DefaultLifecycleExecutionPlanCalculator::finalizeMojoConfiguration (211 bytes)
Event: 7224.014 Thread 0x000001cbc5879170 nmethod 30554 0x000001cbb31c2e10 code [0x000001cbb31c3200, 0x000001cbb31c4f78]
Event: 7224.072 Thread 0x000001cbc584a600 nmethod 30549 0x000001cbba241690 code [0x000001cbba241ac0, 0x000001cbba244560]
Event: 7226.181 Thread 0x000001cbc5879170 30555       3       java.util.TreeMap$TreeMapSpliterator::estimateSize (6 bytes)
Event: 7226.181 Thread 0x000001cbc5879170 nmethod 30555 0x000001cbb33b5010 code [0x000001cbb33b51c0, 0x000001cbb33b52f8]
Event: 7226.283 Thread 0x000001cbc5879170 30556       3       org.eclipse.lsp4j.jsonrpc.json.adapters.MessageTypeAdapter::write (291 bytes)
Event: 7226.284 Thread 0x000001cbc5879170 nmethod 30556 0x000001cbb2083b90 code [0x000001cbb2083f80, 0x000001cbb2085e30]
Event: 7226.290 Thread 0x000001cbc584a600 30557       4       sun.nio.fs.WindowsPathParser::parse (504 bytes)
Event: 7226.307 Thread 0x000001cbc5879170 30558       3       org.eclipse.core.internal.events.BuildManager::getDeltaCached (38 bytes)
Event: 7226.307 Thread 0x000001cbc5879170 nmethod 30558 0x000001cbb2bdad10 code [0x000001cbb2bdaf40, 0x000001cbb2bdb720]
Event: 7226.307 Thread 0x000001cbc5879170 30559       3       org.eclipse.core.internal.events.BuildManager$$Lambda/0x000001cbc78c1308::<init> (32 bytes)
Event: 7226.308 Thread 0x000001cbc5879170 nmethod 30559 0x000001cbb32bc310 code [0x000001cbb32bc4c0, 0x000001cbb32bc690]
Event: 7226.309 Thread 0x000001cbc5879170 30560       3       sun.reflect.generics.repository.AbstractRepository::<init> (19 bytes)
Event: 7226.309 Thread 0x000001cbc5879170 nmethod 30560 0x000001cbb2accb90 code [0x000001cbb2accd40, 0x000001cbb2accfb0]
Event: 7226.316 Thread 0x000001cbc584a600 nmethod 30557 0x000001cbb9eb8a90 code [0x000001cbb9eb8e60, 0x000001cbb9eba7d8]

GC Heap History (20 events):
Event: 7188.078 GC heap after
{Heap after GC invocations=3551 (full 8):
 PSYoungGen      total 11776K, used 256K [0x00000000d5580000, 0x00000000d6600000, 0x0000000100000000)
  eden space 11264K, 0% used [0x00000000d5580000,0x00000000d5580000,0x00000000d6080000)
  from space 512K, 50% used [0x00000000d6580000,0x00000000d65c0000,0x00000000d6600000)
  to   space 512K, 0% used [0x00000000d6500000,0x00000000d6500000,0x00000000d6580000)
 ParOldGen       total 1184768K, used 1180161K [0x0000000080000000, 0x00000000c8500000, 0x00000000d5580000)
  object space 1184768K, 99% used [0x0000000080000000,0x00000000c8080460,0x00000000c8500000)
 Metaspace       used 98167K, committed 99904K, reserved 1179648K
  class space    used 10001K, committed 10816K, reserved 1048576K
}
Event: 7191.901 GC heap before
{Heap before GC invocations=3552 (full 8):
 PSYoungGen      total 11776K, used 11518K [0x00000000d5580000, 0x00000000d6600000, 0x0000000100000000)
  eden space 11264K, 99% used [0x00000000d5580000,0x00000000d607fa78,0x00000000d6080000)
  from space 512K, 50% used [0x00000000d6580000,0x00000000d65c0000,0x00000000d6600000)
  to   space 512K, 0% used [0x00000000d6500000,0x00000000d6500000,0x00000000d6580000)
 ParOldGen       total 1216512K, used 1210881K [0x0000000080000000, 0x00000000ca400000, 0x00000000d5580000)
  object space 1216512K, 99% used [0x0000000080000000,0x00000000c9e80490,0x00000000ca400000)
 Metaspace       used 98186K, committed 99968K, reserved 1179648K
  class space    used 10001K, committed 10816K, reserved 1048576K
}
Event: 7191.904 GC heap after
{Heap after GC invocations=3552 (full 8):
 PSYoungGen      total 11776K, used 192K [0x00000000d5580000, 0x00000000d6600000, 0x0000000100000000)
  eden space 11264K, 0% used [0x00000000d5580000,0x00000000d5580000,0x00000000d6080000)
  from space 512K, 37% used [0x00000000d6500000,0x00000000d6530000,0x00000000d6580000)
  to   space 512K, 0% used [0x00000000d6580000,0x00000000d6580000,0x00000000d6600000)
 ParOldGen       total 1216512K, used 1210933K [0x0000000080000000, 0x00000000ca400000, 0x00000000d5580000)
  object space 1216512K, 99% used [0x0000000080000000,0x00000000c9e8d4a0,0x00000000ca400000)
 Metaspace       used 98186K, committed 99968K, reserved 1179648K
  class space    used 10001K, committed 10816K, reserved 1048576K
}
Event: 7192.084 GC heap before
{Heap before GC invocations=3553 (full 8):
 PSYoungGen      total 11776K, used 11456K [0x00000000d5580000, 0x00000000d6600000, 0x0000000100000000)
  eden space 11264K, 100% used [0x00000000d5580000,0x00000000d6080000,0x00000000d6080000)
  from space 512K, 37% used [0x00000000d6500000,0x00000000d6530000,0x00000000d6580000)
  to   space 512K, 0% used [0x00000000d6580000,0x00000000d6580000,0x00000000d6600000)
 ParOldGen       total 1240064K, used 1233973K [0x0000000080000000, 0x00000000cbb00000, 0x00000000d5580000)
  object space 1240064K, 99% used [0x0000000080000000,0x00000000cb50d4c0,0x00000000cbb00000)
 Metaspace       used 98192K, committed 99968K, reserved 1179648K
  class space    used 10001K, committed 10816K, reserved 1048576K
}
Event: 7192.086 GC heap after
{Heap after GC invocations=3553 (full 8):
 PSYoungGen      total 11776K, used 192K [0x00000000d5580000, 0x00000000d6600000, 0x0000000100000000)
  eden space 11264K, 0% used [0x00000000d5580000,0x00000000d5580000,0x00000000d6080000)
  from space 512K, 37% used [0x00000000d6580000,0x00000000d65b0000,0x00000000d6600000)
  to   space 512K, 0% used [0x00000000d6500000,0x00000000d6500000,0x00000000d6580000)
 ParOldGen       total 1240064K, used 1234005K [0x0000000080000000, 0x00000000cbb00000, 0x00000000d5580000)
  object space 1240064K, 99% used [0x0000000080000000,0x00000000cb5154c0,0x00000000cbb00000)
 Metaspace       used 98192K, committed 99968K, reserved 1179648K
  class space    used 10001K, committed 10816K, reserved 1048576K
}
Event: 7194.344 GC heap before
{Heap before GC invocations=3554 (full 8):
 PSYoungGen      total 11776K, used 11456K [0x00000000d5580000, 0x00000000d6600000, 0x0000000100000000)
  eden space 11264K, 100% used [0x00000000d5580000,0x00000000d6080000,0x00000000d6080000)
  from space 512K, 37% used [0x00000000d6580000,0x00000000d65b0000,0x00000000d6600000)
  to   space 512K, 0% used [0x00000000d6500000,0x00000000d6500000,0x00000000d6580000)
 ParOldGen       total 1271808K, used 1264725K [0x0000000080000000, 0x00000000cda00000, 0x00000000d5580000)
  object space 1271808K, 99% used [0x0000000080000000,0x00000000cd3154f0,0x00000000cda00000)
 Metaspace       used 98225K, committed 99968K, reserved 1179648K
  class space    used 10001K, committed 10816K, reserved 1048576K
}
Event: 7194.346 GC heap after
{Heap after GC invocations=3554 (full 8):
 PSYoungGen      total 11776K, used 384K [0x00000000d5580000, 0x00000000d6600000, 0x0000000100000000)
  eden space 11264K, 0% used [0x00000000d5580000,0x00000000d5580000,0x00000000d6080000)
  from space 512K, 75% used [0x00000000d6500000,0x00000000d6560000,0x00000000d6580000)
  to   space 512K, 0% used [0x00000000d6580000,0x00000000d6580000,0x00000000d6600000)
 ParOldGen       total 1271808K, used 1264749K [0x0000000080000000, 0x00000000cda00000, 0x00000000d5580000)
  object space 1271808K, 99% used [0x0000000080000000,0x00000000cd31b4f0,0x00000000cda00000)
 Metaspace       used 98225K, committed 99968K, reserved 1179648K
  class space    used 10001K, committed 10816K, reserved 1048576K
}
Event: 7212.913 GC heap before
{Heap before GC invocations=3555 (full 8):
 PSYoungGen      total 11776K, used 11648K [0x00000000d5580000, 0x00000000d6600000, 0x0000000100000000)
  eden space 11264K, 100% used [0x00000000d5580000,0x00000000d6080000,0x00000000d6080000)
  from space 512K, 75% used [0x00000000d6500000,0x00000000d6560000,0x00000000d6580000)
  to   space 512K, 0% used [0x00000000d6580000,0x00000000d6580000,0x00000000d6600000)
 ParOldGen       total 1303552K, used 1295469K [0x0000000080000000, 0x00000000cf900000, 0x00000000d5580000)
  object space 1303552K, 99% used [0x0000000080000000,0x00000000cf11b520,0x00000000cf900000)
 Metaspace       used 98262K, committed 100032K, reserved 1179648K
  class space    used 10001K, committed 10816K, reserved 1048576K
}
Event: 7212.919 GC heap after
{Heap after GC invocations=3555 (full 8):
 PSYoungGen      total 11776K, used 464K [0x00000000d5580000, 0x00000000d6600000, 0x0000000100000000)
  eden space 11264K, 0% used [0x00000000d5580000,0x00000000d5580000,0x00000000d6080000)
  from space 512K, 90% used [0x00000000d6580000,0x00000000d65f4010,0x00000000d6600000)
  to   space 512K, 0% used [0x00000000d6500000,0x00000000d6500000,0x00000000d6580000)
 ParOldGen       total 1303552K, used 1295493K [0x0000000080000000, 0x00000000cf900000, 0x00000000d5580000)
  object space 1303552K, 99% used [0x0000000080000000,0x00000000cf121520,0x00000000cf900000)
 Metaspace       used 98262K, committed 100032K, reserved 1179648K
  class space    used 10001K, committed 10816K, reserved 1048576K
}
Event: 7212.995 GC heap before
{Heap before GC invocations=3556 (full 8):
 PSYoungGen      total 11776K, used 11728K [0x00000000d5580000, 0x00000000d6600000, 0x0000000100000000)
  eden space 11264K, 100% used [0x00000000d5580000,0x00000000d6080000,0x00000000d6080000)
  from space 512K, 90% used [0x00000000d6580000,0x00000000d65f4010,0x00000000d6600000)
  to   space 512K, 0% used [0x00000000d6500000,0x00000000d6500000,0x00000000d6580000)
 ParOldGen       total 1327104K, used 1318533K [0x0000000080000000, 0x00000000d1000000, 0x00000000d5580000)
  object space 1327104K, 99% used [0x0000000080000000,0x00000000d07a1540,0x00000000d1000000)
 Metaspace       used 98263K, committed 100032K, reserved 1179648K
  class space    used 10001K, committed 10816K, reserved 1048576K
}
Event: 7212.997 GC heap after
{Heap after GC invocations=3556 (full 8):
 PSYoungGen      total 11776K, used 288K [0x00000000d5580000, 0x00000000d6600000, 0x0000000100000000)
  eden space 11264K, 0% used [0x00000000d5580000,0x00000000d5580000,0x00000000d6080000)
  from space 512K, 56% used [0x00000000d6500000,0x00000000d6548000,0x00000000d6580000)
  to   space 512K, 0% used [0x00000000d6580000,0x00000000d6580000,0x00000000d6600000)
 ParOldGen       total 1327104K, used 1318605K [0x0000000080000000, 0x00000000d1000000, 0x00000000d5580000)
  object space 1327104K, 99% used [0x0000000080000000,0x00000000d07b3540,0x00000000d1000000)
 Metaspace       used 98263K, committed 100032K, reserved 1179648K
  class space    used 10001K, committed 10816K, reserved 1048576K
}
Event: 7223.946 GC heap before
{Heap before GC invocations=3557 (full 8):
 PSYoungGen      total 11776K, used 11552K [0x00000000d5580000, 0x00000000d6600000, 0x0000000100000000)
  eden space 11264K, 100% used [0x00000000d5580000,0x00000000d6080000,0x00000000d6080000)
  from space 512K, 56% used [0x00000000d6500000,0x00000000d6548000,0x00000000d6580000)
  to   space 512K, 0% used [0x00000000d6580000,0x00000000d6580000,0x00000000d6600000)
 ParOldGen       total 1350656K, used 1349325K [0x0000000080000000, 0x00000000d2700000, 0x00000000d5580000)
  object space 1350656K, 99% used [0x0000000080000000,0x00000000d25b3570,0x00000000d2700000)
 Metaspace       used 98276K, committed 100032K, reserved 1179648K
  class space    used 10001K, committed 10816K, reserved 1048576K
}
Event: 7223.951 GC heap after
{Heap after GC invocations=3557 (full 8):
 PSYoungGen      total 11776K, used 192K [0x00000000d5580000, 0x00000000d6600000, 0x0000000100000000)
  eden space 11264K, 0% used [0x00000000d5580000,0x00000000d5580000,0x00000000d6080000)
  from space 512K, 37% used [0x00000000d6580000,0x00000000d65b0000,0x00000000d6600000)
  to   space 512K, 0% used [0x00000000d6500000,0x00000000d6500000,0x00000000d6580000)
 ParOldGen       total 1350656K, used 1349381K [0x0000000080000000, 0x00000000d2700000, 0x00000000d5580000)
  object space 1350656K, 99% used [0x0000000080000000,0x00000000d25c1570,0x00000000d2700000)
 Metaspace       used 98276K, committed 100032K, reserved 1179648K
  class space    used 10001K, committed 10816K, reserved 1048576K
}
Event: 7224.029 GC heap before
{Heap before GC invocations=3558 (full 8):
 PSYoungGen      total 11776K, used 11456K [0x00000000d5580000, 0x00000000d6600000, 0x0000000100000000)
  eden space 11264K, 100% used [0x00000000d5580000,0x00000000d6080000,0x00000000d6080000)
  from space 512K, 37% used [0x00000000d6580000,0x00000000d65b0000,0x00000000d6600000)
  to   space 512K, 0% used [0x00000000d6500000,0x00000000d6500000,0x00000000d6580000)
 ParOldGen       total 1374208K, used 1372421K [0x0000000080000000, 0x00000000d3e00000, 0x00000000d5580000)
  object space 1374208K, 99% used [0x0000000080000000,0x00000000d3c41590,0x00000000d3e00000)
 Metaspace       used 98282K, committed 100032K, reserved 1179648K
  class space    used 10001K, committed 10816K, reserved 1048576K
}
Event: 7224.033 GC heap after
{Heap after GC invocations=3558 (full 8):
 PSYoungGen      total 11776K, used 192K [0x00000000d5580000, 0x00000000d6600000, 0x0000000100000000)
  eden space 11264K, 0% used [0x00000000d5580000,0x00000000d5580000,0x00000000d6080000)
  from space 512K, 37% used [0x00000000d6500000,0x00000000d6530000,0x00000000d6580000)
  to   space 512K, 0% used [0x00000000d6580000,0x00000000d6580000,0x00000000d6600000)
 ParOldGen       total 1374208K, used 1372469K [0x0000000080000000, 0x00000000d3e00000, 0x00000000d5580000)
  object space 1374208K, 99% used [0x0000000080000000,0x00000000d3c4d590,0x00000000d3e00000)
 Metaspace       used 98282K, committed 100032K, reserved 1179648K
  class space    used 10001K, committed 10816K, reserved 1048576K
}
Event: 7226.332 GC heap before
{Heap before GC invocations=3559 (full 8):
 PSYoungGen      total 11776K, used 7052K [0x00000000d5580000, 0x00000000d6600000, 0x0000000100000000)
  eden space 11264K, 60% used [0x00000000d5580000,0x00000000d5c330d0,0x00000000d6080000)
  from space 512K, 37% used [0x00000000d6500000,0x00000000d6530000,0x00000000d6580000)
  to   space 512K, 0% used [0x00000000d6580000,0x00000000d6580000,0x00000000d6600000)
 ParOldGen       total 1398272K, used 1391669K [0x0000000080000000, 0x00000000d5580000, 0x00000000d5580000)
  object space 1398272K, 99% used [0x0000000080000000,0x00000000d4f0d5b0,0x00000000d5580000)
 Metaspace       used 98283K, committed 100032K, reserved 1179648K
  class space    used 10001K, committed 10816K, reserved 1048576K
}
Event: 7226.336 GC heap after
{Heap after GC invocations=3559 (full 8):
 PSYoungGen      total 11776K, used 320K [0x00000000d5580000, 0x00000000d6600000, 0x0000000100000000)
  eden space 11264K, 0% used [0x00000000d5580000,0x00000000d5580000,0x00000000d6080000)
  from space 512K, 62% used [0x00000000d6580000,0x00000000d65d0000,0x00000000d6600000)
  to   space 512K, 0% used [0x00000000d6500000,0x00000000d6500000,0x00000000d6580000)
 ParOldGen       total 1398272K, used 1391701K [0x0000000080000000, 0x00000000d5580000, 0x00000000d5580000)
  object space 1398272K, 99% used [0x0000000080000000,0x00000000d4f155b0,0x00000000d5580000)
 Metaspace       used 98283K, committed 100032K, reserved 1179648K
  class space    used 10001K, committed 10816K, reserved 1048576K
}
Event: 7226.336 GC heap before
{Heap before GC invocations=3560 (full 8):
 PSYoungGen      total 11776K, used 320K [0x00000000d5580000, 0x00000000d6600000, 0x0000000100000000)
  eden space 11264K, 0% used [0x00000000d5580000,0x00000000d5580000,0x00000000d6080000)
  from space 512K, 62% used [0x00000000d6580000,0x00000000d65d0000,0x00000000d6600000)
  to   space 512K, 0% used [0x00000000d6500000,0x00000000d6500000,0x00000000d6580000)
 ParOldGen       total 1398272K, used 1391701K [0x0000000080000000, 0x00000000d5580000, 0x00000000d5580000)
  object space 1398272K, 99% used [0x0000000080000000,0x00000000d4f155b0,0x00000000d5580000)
 Metaspace       used 98283K, committed 100032K, reserved 1179648K
  class space    used 10001K, committed 10816K, reserved 1048576K
}
Event: 7226.338 GC heap after
{Heap after GC invocations=3560 (full 8):
 PSYoungGen      total 14336K, used 0K [0x00000000d5580000, 0x00000000d6600000, 0x0000000100000000)
  eden space 13824K, 0% used [0x00000000d5580000,0x00000000d5580000,0x00000000d6300000)
  from space 512K, 0% used [0x00000000d6500000,0x00000000d6500000,0x00000000d6580000)
  to   space 512K, 0% used [0x00000000d6580000,0x00000000d6580000,0x00000000d6600000)
 ParOldGen       total 1398272K, used 1391957K [0x0000000080000000, 0x00000000d5580000, 0x00000000d5580000)
  object space 1398272K, 99% used [0x0000000080000000,0x00000000d4f55610,0x00000000d5580000)
 Metaspace       used 98283K, committed 100032K, reserved 1179648K
  class space    used 10001K, committed 10816K, reserved 1048576K
}
Event: 7226.338 GC heap before
{Heap before GC invocations=3561 (full 9):
 PSYoungGen      total 14336K, used 0K [0x00000000d5580000, 0x00000000d6600000, 0x0000000100000000)
  eden space 13824K, 0% used [0x00000000d5580000,0x00000000d5580000,0x00000000d6300000)
  from space 512K, 0% used [0x00000000d6500000,0x00000000d6500000,0x00000000d6580000)
  to   space 512K, 0% used [0x00000000d6580000,0x00000000d6580000,0x00000000d6600000)
 ParOldGen       total 1398272K, used 1391957K [0x0000000080000000, 0x00000000d5580000, 0x00000000d5580000)
  object space 1398272K, 99% used [0x0000000080000000,0x00000000d4f55610,0x00000000d5580000)
 Metaspace       used 98283K, committed 100032K, reserved 1179648K
  class space    used 10001K, committed 10816K, reserved 1048576K
}

Dll operation events (12 events):
Event: 0.093 Loaded shared library c:\Users\Fabi\.vscode\extensions\redhat.java-1.47.0-win32-x64\jre\21.0.8-win32-x86_64\bin\java.dll
Event: 0.331 Loaded shared library c:\Users\Fabi\.vscode\extensions\redhat.java-1.47.0-win32-x64\jre\21.0.8-win32-x86_64\bin\zip.dll
Event: 0.375 Loaded shared library C:\Users\Fabi\.vscode\extensions\redhat.java-1.47.0-win32-x64\jre\21.0.8-win32-x86_64\bin\instrument.dll
Event: 0.389 Loaded shared library C:\Users\Fabi\.vscode\extensions\redhat.java-1.47.0-win32-x64\jre\21.0.8-win32-x86_64\bin\net.dll
Event: 0.394 Loaded shared library C:\Users\Fabi\.vscode\extensions\redhat.java-1.47.0-win32-x64\jre\21.0.8-win32-x86_64\bin\nio.dll
Event: 0.400 Loaded shared library C:\Users\Fabi\.vscode\extensions\redhat.java-1.47.0-win32-x64\jre\21.0.8-win32-x86_64\bin\zip.dll
Event: 0.436 Loaded shared library C:\Users\Fabi\.vscode\extensions\redhat.java-1.47.0-win32-x64\jre\21.0.8-win32-x86_64\bin\jimage.dll
Event: 0.581 Loaded shared library c:\Users\Fabi\.vscode\extensions\redhat.java-1.47.0-win32-x64\jre\21.0.8-win32-x86_64\bin\verify.dll
Event: 9.706 Loaded shared library C:\Users\Fabi\AppData\Roaming\Code\User\globalStorage\redhat.java\1.47.0\config_win\org.eclipse.equinox.launcher\org.eclipse.equinox.launcher.win32.win32.x86_64_1.2.1400.v20250801-0854\eclipse_11916.dll
Event: 21.883 Loaded shared library C:\Users\Fabi\AppData\Local\Temp\jna-2181730\jna14518970391095179726.dll
Event: 24.689 Loaded shared library C:\Users\Fabi\.vscode\extensions\redhat.java-1.47.0-win32-x64\jre\21.0.8-win32-x86_64\bin\sunmscapi.dll
Event: 24.894 Loaded shared library C:\Users\Fabi\.vscode\extensions\redhat.java-1.47.0-win32-x64\jre\21.0.8-win32-x86_64\bin\extnet.dll

Deoptimization events (20 events):
Event: 7180.257 Thread 0x000001cc07a352e0 DEOPT PACKING pc=0x000001cbba2a1d2c sp=0x000000606befd2d0
Event: 7180.257 Thread 0x000001cc07a352e0 DEOPT UNPACKING pc=0x000001cbb8fa3aa2 sp=0x000000606befd220 mode 2
Event: 7180.261 Thread 0x000001cc07a352e0 DEOPT PACKING pc=0x000001cbb4afdd1d sp=0x000000606befe010
Event: 7180.261 Thread 0x000001cc07a352e0 DEOPT UNPACKING pc=0x000001cbb8fa4242 sp=0x000000606befd4c0 mode 0
Event: 7188.076 Thread 0x000001cc07a352e0 Uncommon trap: trap_request=0xffffffd6 fr.pc=0x000001cbb99f2360 relative=0x0000000000001d00
Event: 7188.076 Thread 0x000001cc07a352e0 Uncommon trap: reason=array_check action=maybe_recompile pc=0x000001cbb99f2360 method=java.util.ComparableTimSort.binarySort([Ljava/lang/Object;III)V @ 215 c2
Event: 7188.076 Thread 0x000001cc07a352e0 DEOPT PACKING pc=0x000001cbb99f2360 sp=0x000000606befdc10
Event: 7188.076 Thread 0x000001cc07a352e0 DEOPT UNPACKING pc=0x000001cbb8fa3aa2 sp=0x000000606befda58 mode 2
Event: 7188.097 Thread 0x000001cc07a352e0 Uncommon trap: trap_request=0xffffffd6 fr.pc=0x000001cbb99f2360 relative=0x0000000000001d00
Event: 7188.097 Thread 0x000001cc07a352e0 Uncommon trap: reason=array_check action=maybe_recompile pc=0x000001cbb99f2360 method=java.util.ComparableTimSort.binarySort([Ljava/lang/Object;III)V @ 215 c2
Event: 7188.097 Thread 0x000001cc07a352e0 DEOPT PACKING pc=0x000001cbb99f2360 sp=0x000000606befdc10
Event: 7188.097 Thread 0x000001cc07a352e0 DEOPT UNPACKING pc=0x000001cbb8fa3aa2 sp=0x000000606befda58 mode 2
Event: 7189.927 Thread 0x000001cc07a352e0 Uncommon trap: trap_request=0xffffffd6 fr.pc=0x000001cbb99f2360 relative=0x0000000000001d00
Event: 7189.927 Thread 0x000001cc07a352e0 Uncommon trap: reason=array_check action=maybe_recompile pc=0x000001cbb99f2360 method=java.util.ComparableTimSort.binarySort([Ljava/lang/Object;III)V @ 215 c2
Event: 7189.927 Thread 0x000001cc07a352e0 DEOPT PACKING pc=0x000001cbb99f2360 sp=0x000000606befdc10
Event: 7189.927 Thread 0x000001cc07a352e0 DEOPT UNPACKING pc=0x000001cbb8fa3aa2 sp=0x000000606befda58 mode 2
Event: 7189.944 Thread 0x000001cc07a352e0 Uncommon trap: trap_request=0xffffffd6 fr.pc=0x000001cbb99f2360 relative=0x0000000000001d00
Event: 7189.944 Thread 0x000001cc07a352e0 Uncommon trap: reason=array_check action=maybe_recompile pc=0x000001cbb99f2360 method=java.util.ComparableTimSort.binarySort([Ljava/lang/Object;III)V @ 215 c2
Event: 7189.944 Thread 0x000001cc07a352e0 DEOPT PACKING pc=0x000001cbb99f2360 sp=0x000000606befdc10
Event: 7189.944 Thread 0x000001cc07a352e0 DEOPT UNPACKING pc=0x000001cbb8fa3aa2 sp=0x000000606befda58 mode 2

Classes loaded (20 events):
Event: 7077.451 Loading class java/util/Timer
Event: 7077.451 Loading class java/util/Timer done
Event: 7077.451 Loading class java/util/TaskQueue
Event: 7077.452 Loading class java/util/TaskQueue done
Event: 7077.452 Loading class java/util/TimerThread
Event: 7077.452 Loading class java/util/TimerThread done
Event: 7077.452 Loading class java/util/Timer$ThreadReaper
Event: 7077.452 Loading class java/util/Timer$ThreadReaper done
Event: 7077.455 Loading class java/util/concurrent/CompletableFuture$UniWhenComplete
Event: 7077.455 Loading class java/util/concurrent/CompletableFuture$UniWhenComplete done
Event: 7077.456 Loading class java/util/concurrent/CompletableFuture$UniCompose
Event: 7077.456 Loading class java/util/concurrent/CompletableFuture$UniCompose done
Event: 7077.456 Loading class java/util/concurrent/CompletableFuture$UniRelay
Event: 7077.456 Loading class java/util/concurrent/CompletableFuture$UniRelay done
Event: 7078.284 Loading class java/util/concurrent/ScheduledThreadPoolExecutor$DelayedWorkQueue$Itr
Event: 7078.285 Loading class java/util/concurrent/ScheduledThreadPoolExecutor$DelayedWorkQueue$Itr done
Event: 7079.912 Loading class jdk/internal/reflect/MethodHandleByteFieldAccessorImpl
Event: 7079.913 Loading class jdk/internal/reflect/MethodHandleByteFieldAccessorImpl done
Event: 7143.446 Loading class java/util/concurrent/CompletableFuture$AsyncRun
Event: 7143.448 Loading class java/util/concurrent/CompletableFuture$AsyncRun done

Classes unloaded (20 events):
Event: 4067.599 Thread 0x000001cbacffebe0 Unloading class 0x000001cbc71ac800 'java/lang/invoke/LambdaForm$MH+0x000001cbc71ac800'
Event: 4067.599 Thread 0x000001cbacffebe0 Unloading class 0x000001cbc7178000 'java/lang/invoke/LambdaForm$MH+0x000001cbc7178000'
Event: 4067.599 Thread 0x000001cbacffebe0 Unloading class 0x000001cbc7176800 'java/lang/invoke/LambdaForm$MH+0x000001cbc7176800'
Event: 4067.599 Thread 0x000001cbacffebe0 Unloading class 0x000001cbc7176000 'java/lang/invoke/LambdaForm$MH+0x000001cbc7176000'
Event: 4067.599 Thread 0x000001cbacffebe0 Unloading class 0x000001cbc7175c00 'java/lang/invoke/LambdaForm$MH+0x000001cbc7175c00'
Event: 4067.599 Thread 0x000001cbacffebe0 Unloading class 0x000001cbc7082400 'java/lang/invoke/LambdaForm$MH+0x000001cbc7082400'
Event: 4067.599 Thread 0x000001cbacffebe0 Unloading class 0x000001cbc7081c00 'java/lang/invoke/LambdaForm$MH+0x000001cbc7081c00'
Event: 4067.599 Thread 0x000001cbacffebe0 Unloading class 0x000001cbc7081800 'java/lang/invoke/LambdaForm$MH+0x000001cbc7081800'
Event: 4067.599 Thread 0x000001cbacffebe0 Unloading class 0x000001cbc7081400 'java/lang/invoke/LambdaForm$MH+0x000001cbc7081400'
Event: 4067.599 Thread 0x000001cbacffebe0 Unloading class 0x000001cbc7081000 'java/lang/invoke/LambdaForm$MH+0x000001cbc7081000'
Event: 4067.599 Thread 0x000001cbacffebe0 Unloading class 0x000001cbc7080800 'java/lang/invoke/LambdaForm$MH+0x000001cbc7080800'
Event: 4067.599 Thread 0x000001cbacffebe0 Unloading class 0x000001cbc7080400 'java/lang/invoke/LambdaForm$MH+0x000001cbc7080400'
Event: 4067.599 Thread 0x000001cbacffebe0 Unloading class 0x000001cbc7080000 'java/lang/invoke/LambdaForm$MH+0x000001cbc7080000'
Event: 4067.599 Thread 0x000001cbacffebe0 Unloading class 0x000001cbc7019400 'java/lang/invoke/LambdaForm$MH+0x000001cbc7019400'
Event: 4067.599 Thread 0x000001cbacffebe0 Unloading class 0x000001cbc7018400 'java/lang/invoke/LambdaForm$MH+0x000001cbc7018400'
Event: 4067.599 Thread 0x000001cbacffebe0 Unloading class 0x000001cbc7018000 'java/lang/invoke/LambdaForm$MH+0x000001cbc7018000'
Event: 4067.599 Thread 0x000001cbacffebe0 Unloading class 0x000001cbc7017400 'java/lang/invoke/LambdaForm$MH+0x000001cbc7017400'
Event: 4067.599 Thread 0x000001cbacffebe0 Unloading class 0x000001cbc7016400 'java/lang/invoke/LambdaForm$MH+0x000001cbc7016400'
Event: 4067.599 Thread 0x000001cbacffebe0 Unloading class 0x000001cbc7014800 'java/lang/invoke/LambdaForm$MH+0x000001cbc7014800'
Event: 4067.599 Thread 0x000001cbacffebe0 Unloading class 0x000001cbc7000400 'java/lang/invoke/LambdaForm$MH+0x000001cbc7000400'

Classes redefined (0 events):
No events

Internal exceptions (20 events):
Event: 7076.527 Thread 0x000001cc0f246f00 Exception <a 'sun/nio/fs/WindowsException'{0x00000000d5d2cee8}> (0x00000000d5d2cee8) 
thrown [s\src\hotspot\share\prims\jni.cpp, line 520]
Event: 7076.528 Thread 0x000001cc0f246f00 Exception <a 'sun/nio/fs/WindowsException'{0x00000000d5d2dc00}> (0x00000000d5d2dc00) 
thrown [s\src\hotspot\share\prims\jni.cpp, line 520]
Event: 7076.528 Thread 0x000001cc0f246f00 Exception <a 'sun/nio/fs/WindowsException'{0x00000000d5d2e4c8}> (0x00000000d5d2e4c8) 
thrown [s\src\hotspot\share\prims\jni.cpp, line 520]
Event: 7076.528 Thread 0x000001cc0f246f00 Exception <a 'sun/nio/fs/WindowsException'{0x00000000d5d2fbc0}> (0x00000000d5d2fbc0) 
thrown [s\src\hotspot\share\prims\jni.cpp, line 520]
Event: 7076.528 Thread 0x000001cc0f246f00 Exception <a 'sun/nio/fs/WindowsException'{0x00000000d5d301d8}> (0x00000000d5d301d8) 
thrown [s\src\hotspot\share\prims\jni.cpp, line 520]
Event: 7076.533 Thread 0x000001cc0f246f00 Exception <a 'sun/nio/fs/WindowsException'{0x00000000d5d49b60}> (0x00000000d5d49b60) 
thrown [s\src\hotspot\share\prims\jni.cpp, line 520]
Event: 7076.535 Thread 0x000001cc0f246f00 Exception <a 'sun/nio/fs/WindowsException'{0x00000000d5d4a428}> (0x00000000d5d4a428) 
thrown [s\src\hotspot\share\prims\jni.cpp, line 520]
Event: 7077.178 Thread 0x000001cc0e7f00a0 Exception <a 'java/io/FileNotFoundException'{0x00000000d5832ea8}> (0x00000000d5832ea8) 
thrown [s\src\hotspot\share\prims\jni.cpp, line 520]
Event: 7077.344 Thread 0x000001cc0e7f00a0 Exception <a 'java/lang/NoSuchMethodError'{0x00000000d5bec4a8}: 'java.lang.Object java.lang.invoke.DirectMethodHandle$Holder.invokeVirtual(java.lang.Object, java.lang.Object, java.lang.Object, java.lang.Object)'> (0x00000000d5bec4a8) 
thrown [s\src\hotspot\share\interpreter\linkResolver.cpp, line 773]
Event: 7077.384 Thread 0x000001cc0e606ab0 Exception <a 'java/lang/NoSuchMethodError'{0x00000000d5fff108}: 'java.lang.Object java.lang.invoke.DirectMethodHandle$Holder.invokeStatic(java.lang.Object, long, java.lang.Object, java.lang.Object)'> (0x00000000d5fff108) 
thrown [s\src\hotspot\share\interpreter\linkResolver.cpp, line 773]
Event: 7077.401 Thread 0x000001cc0e606ab0 Implicit null exception at 0x000001cbba348ca8 to 0x000001cbba3496ec
Event: 7077.404 Thread 0x000001cc0e606ab0 Exception <a 'sun/nio/fs/WindowsException'{0x00000000d55d0870}> (0x00000000d55d0870) 
thrown [s\src\hotspot\share\prims\jni.cpp, line 520]
Event: 7077.404 Thread 0x000001cc0e606ab0 Exception <a 'sun/nio/fs/WindowsException'{0x00000000d55d18b0}> (0x00000000d55d18b0) 
thrown [s\src\hotspot\share\prims\jni.cpp, line 520]
Event: 7077.422 Thread 0x000001cc0e606ab0 Exception <a 'java/io/FileNotFoundException'{0x00000000d56e4a88}> (0x00000000d56e4a88) 
thrown [s\src\hotspot\share\prims\jni.cpp, line 520]
Event: 7077.422 Thread 0x000001cc0e606ab0 Exception <a 'java/io/FileNotFoundException'{0x00000000d56e5ab8}> (0x00000000d56e5ab8) 
thrown [s\src\hotspot\share\prims\jni.cpp, line 520]
Event: 7077.454 Thread 0x000001cc0e606ab0 Exception <a 'java/lang/NoSuchMethodError'{0x00000000d57f0a20}: 'java.lang.Object java.lang.invoke.DirectMethodHandle$Holder.newInvokeSpecial(java.lang.Object, java.lang.Object, java.lang.Object, java.lang.Object, java.lang.Object, java.lang.Object, java.lang.Object, java.lang.Object, java.lang.Object)'> (0x00000000d57f0a20) 
thrown [s\src\hotspot\share\interpreter\linkResolver.cpp, line 773]
Event: 7079.348 Thread 0x000001cc0e608b80 Exception <a 'java/lang/NoSuchMethodError'{0x00000000d584f140}: 'long java.lang.invoke.DelegatingMethodHandle$Holder.reinvoke_L(java.lang.Object, java.lang.Object)'> (0x00000000d584f140) 
thrown [s\src\hotspot\share\interpreter\linkResolver.cpp, line 773]
Event: 7079.352 Thread 0x000001cc0e608b80 Exception <a 'java/lang/NoSuchMethodError'{0x00000000d5859018}: 'void java.lang.invoke.DelegatingMethodHandle$Holder.reinvoke_L(java.lang.Object, java.lang.Object, long)'> (0x00000000d5859018) 
thrown [s\src\hotspot\share\interpreter\linkResolver.cpp, line 773]
Event: 7079.813 Thread 0x000001cc0e608b80 Exception <a 'java/lang/NoSuchMethodError'{0x00000000d5beb208}: 'long java.lang.invoke.Invokers$Holder.invokeExact_MT(java.lang.Object, java.lang.Object, java.lang.Object)'> (0x00000000d5beb208) 
thrown [s\src\hotspot\share\interpreter\linkResolver.cpp, line 773]
Event: 7143.445 Thread 0x000001cc0e607e60 Exception <a 'java/lang/InterruptedException'{0x00000000d56cb6e8}> (0x00000000d56cb6e8) 
thrown [s\src\hotspot\share\runtime\objectMonitor.cpp, line 1626]

ZGC Phase Switch (0 events):
No events

VM Operations (20 events):
Event: 7192.086 Executing VM operation: ParallelGCFailedAllocation (Allocation Failure) done
Event: 7193.090 Executing VM operation: Cleanup
Event: 7193.090 Executing VM operation: Cleanup done
Event: 7194.344 Executing VM operation: ParallelGCFailedAllocation (Allocation Failure)
Event: 7194.346 Executing VM operation: ParallelGCFailedAllocation (Allocation Failure) done
Event: 7212.913 Executing VM operation: ParallelGCFailedAllocation (Allocation Failure)
Event: 7212.919 Executing VM operation: ParallelGCFailedAllocation (Allocation Failure) done
Event: 7212.995 Executing VM operation: ParallelGCFailedAllocation (Allocation Failure)
Event: 7212.997 Executing VM operation: ParallelGCFailedAllocation (Allocation Failure) done
Event: 7217.109 Executing VM operation: HandshakeAllThreads (HandshakeForDeflation)
Event: 7217.109 Executing VM operation: HandshakeAllThreads (HandshakeForDeflation) done
Event: 7217.109 Executing VM operation: RendezvousGCThreads
Event: 7217.109 Executing VM operation: RendezvousGCThreads done
Event: 7218.109 Executing VM operation: Cleanup
Event: 7218.109 Executing VM operation: Cleanup done
Event: 7223.946 Executing VM operation: ParallelGCFailedAllocation (Allocation Failure)
Event: 7223.951 Executing VM operation: ParallelGCFailedAllocation (Allocation Failure) done
Event: 7224.029 Executing VM operation: ParallelGCFailedAllocation (Allocation Failure)
Event: 7224.033 Executing VM operation: ParallelGCFailedAllocation (Allocation Failure) done
Event: 7226.332 Executing VM operation: ParallelGCFailedAllocation (Allocation Failure)

Memory protections (0 events):
No events

Nmethod flushes (20 events):
Event: 4067.669 Thread 0x000001cbacffebe0 flushing  nmethod 0x000001cbb4da9c10
Event: 4067.669 Thread 0x000001cbacffebe0 flushing  nmethod 0x000001cbb4db8690
Event: 4067.669 Thread 0x000001cbacffebe0 flushing  nmethod 0x000001cbb4dba190
Event: 4067.669 Thread 0x000001cbacffebe0 flushing  nmethod 0x000001cbb4dbac90
Event: 4067.669 Thread 0x000001cbacffebe0 flushing  nmethod 0x000001cbb4dc2090
Event: 4067.669 Thread 0x000001cbacffebe0 flushing  nmethod 0x000001cbb4dc3390
Event: 4067.669 Thread 0x000001cbacffebe0 flushing  nmethod 0x000001cbb4dd3210
Event: 4067.669 Thread 0x000001cbacffebe0 flushing  nmethod 0x000001cbb4de0410
Event: 4067.669 Thread 0x000001cbacffebe0 flushing  nmethod 0x000001cbb4de2710
Event: 4067.669 Thread 0x000001cbacffebe0 flushing  nmethod 0x000001cbb4de3d90
Event: 4067.669 Thread 0x000001cbacffebe0 flushing  nmethod 0x000001cbb4de4090
Event: 4067.669 Thread 0x000001cbacffebe0 flushing  nmethod 0x000001cbb4de4490
Event: 4067.669 Thread 0x000001cbacffebe0 flushing  nmethod 0x000001cbb4de4810
Event: 4067.669 Thread 0x000001cbacffebe0 flushing  nmethod 0x000001cbb4de6f90
Event: 4067.669 Thread 0x000001cbacffebe0 flushing  nmethod 0x000001cbb4de7990
Event: 4067.669 Thread 0x000001cbacffebe0 flushing  nmethod 0x000001cbb4de7f90
Event: 4067.669 Thread 0x000001cbacffebe0 flushing  nmethod 0x000001cbb4deea10
Event: 4067.669 Thread 0x000001cbacffebe0 flushing  nmethod 0x000001cbb4dfcb90
Event: 4067.669 Thread 0x000001cbacffebe0 flushing  nmethod 0x000001cbb4e03610
Event: 4067.669 Thread 0x000001cbacffebe0 flushing osr nmethod 0x000001cbb4e0bc10

Events (20 events):
Event: 7077.380 Thread 0x000001cc0e7f00a0 Thread added: 0x000001cc0e606ab0
Event: 7077.452 Thread 0x000001cc0e606ab0 Thread added: 0x000001cc0e607e60
Event: 7079.344 Thread 0x000001cc0e7f00a0 Thread added: 0x000001cc0e608b80
Event: 7079.345 Thread 0x000001cc0e607e60 Thread exited: 0x000001cc0e607e60
Event: 7079.766 Thread 0x000001cc0e608b80 Thread added: 0x000001cc0e609210
Event: 7079.766 Thread 0x000001cc0e609210 Thread exited: 0x000001cc0e609210
Event: 7079.786 Thread 0x000001cc0e608b80 Thread added: 0x000001cc0e609210
Event: 7079.787 Thread 0x000001cc0e608b80 Thread added: 0x000001cc0e607e60
Event: 7079.816 Thread 0x000001cc0e608b80 Thread added: 0x000001cc113fcef0
Event: 7079.819 Thread 0x000001cc0e608b80 Thread exited: 0x000001cc0e608b80
Event: 7079.918 Thread 0x000001cc113fcef0 Thread exited: 0x000001cc113fcef0
Event: 7079.920 Thread 0x000001cc0e606ab0 Thread added: 0x000001cc0e608b80
Event: 7079.932 Thread 0x000001cbc5879170 Thread added: 0x000001cc0f3b2e40
Event: 7080.907 Thread 0x000001cc0f3b2e40 Thread exited: 0x000001cc0f3b2e40
Event: 7143.445 Thread 0x000001cc0e609210 Thread exited: 0x000001cc0e609210
Event: 7143.445 Thread 0x000001cc0e607e60 Thread exited: 0x000001cc0e607e60
Event: 7143.448 Thread 0x000001cc0e608b80 Thread exited: 0x000001cc0e608b80
Event: 7143.449 Thread 0x000001cc0e606ab0 Thread exited: 0x000001cc0e606ab0
Event: 7173.464 Thread 0x000001cc0e7f00a0 Thread exited: 0x000001cc0e7f00a0
Event: 7203.468 Thread 0x000001cc0f245b50 Thread exited: 0x000001cc0f245b50


Dynamic libraries:
0x00007ff6725b0000 - 0x00007ff6725be000 	c:\Users\Fabi\.vscode\extensions\redhat.java-1.47.0-win32-x64\jre\21.0.8-win32-x86_64\bin\java.exe
0x00007ff9740d0000 - 0x00007ff9742c8000 	C:\Windows\SYSTEM32\ntdll.dll
0x00007ff9720f0000 - 0x00007ff9721b2000 	C:\Windows\System32\KERNEL32.DLL
0x00007ff971cd0000 - 0x00007ff971fc6000 	C:\Windows\System32\KERNELBASE.dll
0x00007ff96ebb0000 - 0x00007ff96ec44000 	C:\Windows\SYSTEM32\apphelp.dll
0x00007ff971bd0000 - 0x00007ff971cd0000 	C:\Windows\System32\ucrtbase.dll
0x00007ff960830000 - 0x00007ff960848000 	c:\Users\Fabi\.vscode\extensions\redhat.java-1.47.0-win32-x64\jre\21.0.8-win32-x86_64\bin\jli.dll
0x00007ff973d60000 - 0x00007ff973f01000 	C:\Windows\System32\USER32.dll
0x00007ff971ba0000 - 0x00007ff971bc2000 	C:\Windows\System32\win32u.dll
0x00007ff9725a0000 - 0x00007ff9725cb000 	C:\Windows\System32\GDI32.dll
0x00007ff971810000 - 0x00007ff971929000 	C:\Windows\System32\gdi32full.dll
0x00007ff971fd0000 - 0x00007ff97206d000 	C:\Windows\System32\msvcp_win.dll
0x00007ff960810000 - 0x00007ff96082e000 	c:\Users\Fabi\.vscode\extensions\redhat.java-1.47.0-win32-x64\jre\21.0.8-win32-x86_64\bin\VCRUNTIME140.dll
0x00007ff95a060000 - 0x00007ff95a2fb000 	C:\Windows\WinSxS\amd64_microsoft.windows.common-controls_6595b64144ccf1df_6.0.19041.6456_none_60b8a6cb71f64256\COMCTL32.dll
0x00007ff973cc0000 - 0x00007ff973d5e000 	C:\Windows\System32\msvcrt.dll
0x00007ff973a40000 - 0x00007ff973a6f000 	C:\Windows\System32\IMM32.DLL
0x00007ff95fd60000 - 0x00007ff95fd6c000 	c:\Users\Fabi\.vscode\extensions\redhat.java-1.47.0-win32-x64\jre\21.0.8-win32-x86_64\bin\vcruntime140_1.dll
0x00007ff958c20000 - 0x00007ff958cad000 	c:\Users\Fabi\.vscode\extensions\redhat.java-1.47.0-win32-x64\jre\21.0.8-win32-x86_64\bin\msvcp140.dll
0x00007ff912110000 - 0x00007ff912ea7000 	c:\Users\Fabi\.vscode\extensions\redhat.java-1.47.0-win32-x64\jre\21.0.8-win32-x86_64\bin\server\jvm.dll
0x00007ff972b80000 - 0x00007ff972c31000 	C:\Windows\System32\ADVAPI32.dll
0x00007ff973a70000 - 0x00007ff973b0f000 	C:\Windows\System32\sechost.dll
0x00007ff972480000 - 0x00007ff9725a0000 	C:\Windows\System32\RPCRT4.dll
0x00007ff971b70000 - 0x00007ff971b97000 	C:\Windows\System32\bcrypt.dll
0x00007ff973480000 - 0x00007ff9734eb000 	C:\Windows\System32\WS2_32.dll
0x00007ff971510000 - 0x00007ff97155b000 	C:\Windows\SYSTEM32\POWRPROF.dll
0x00007ff956f70000 - 0x00007ff956f97000 	C:\Windows\SYSTEM32\WINMM.dll
0x00007ff96c8e0000 - 0x00007ff96c8ea000 	C:\Windows\SYSTEM32\VERSION.dll
0x00007ff9714f0000 - 0x00007ff971502000 	C:\Windows\SYSTEM32\UMPDC.dll
0x00007ff96f5f0000 - 0x00007ff96f602000 	C:\Windows\SYSTEM32\kernel.appcore.dll
0x00007ff95f0a0000 - 0x00007ff95f0aa000 	c:\Users\Fabi\.vscode\extensions\redhat.java-1.47.0-win32-x64\jre\21.0.8-win32-x86_64\bin\jimage.dll
0x00007ff95a340000 - 0x00007ff95a541000 	C:\Windows\SYSTEM32\DBGHELP.DLL
0x00007ff95a300000 - 0x00007ff95a334000 	C:\Windows\SYSTEM32\dbgcore.DLL
0x00007ff971ae0000 - 0x00007ff971b62000 	C:\Windows\System32\bcryptPrimitives.dll
0x00007ff95f090000 - 0x00007ff95f09f000 	c:\Users\Fabi\.vscode\extensions\redhat.java-1.47.0-win32-x64\jre\21.0.8-win32-x86_64\bin\instrument.dll
0x00007ff95ed90000 - 0x00007ff95edaf000 	c:\Users\Fabi\.vscode\extensions\redhat.java-1.47.0-win32-x64\jre\21.0.8-win32-x86_64\bin\java.dll
0x00007ff972d10000 - 0x00007ff973480000 	C:\Windows\System32\SHELL32.dll
0x00007ff96f7f0000 - 0x00007ff96ff95000 	C:\Windows\SYSTEM32\windows.storage.dll
0x00007ff9735a0000 - 0x00007ff9738f4000 	C:\Windows\System32\combase.dll
0x00007ff9710b0000 - 0x00007ff9710db000 	C:\Windows\SYSTEM32\Wldp.dll
0x00007ff972350000 - 0x00007ff97241d000 	C:\Windows\System32\OLEAUT32.dll
0x00007ff9722a0000 - 0x00007ff97234d000 	C:\Windows\System32\SHCORE.dll
0x00007ff973f10000 - 0x00007ff973f6b000 	C:\Windows\System32\shlwapi.dll
0x00007ff971690000 - 0x00007ff9716b4000 	C:\Windows\SYSTEM32\profapi.dll
0x00007ff95e7c0000 - 0x00007ff95e7d8000 	c:\Users\Fabi\.vscode\extensions\redhat.java-1.47.0-win32-x64\jre\21.0.8-win32-x86_64\bin\zip.dll
0x00007ff95ee70000 - 0x00007ff95ee80000 	C:\Users\Fabi\.vscode\extensions\redhat.java-1.47.0-win32-x64\jre\21.0.8-win32-x86_64\bin\net.dll
0x00007ff96c0e0000 - 0x00007ff96c1ea000 	C:\Windows\SYSTEM32\WINHTTP.dll
0x00007ff970e10000 - 0x00007ff970e7a000 	C:\Windows\system32\mswsock.dll
0x00007ff95ab50000 - 0x00007ff95ab66000 	C:\Users\Fabi\.vscode\extensions\redhat.java-1.47.0-win32-x64\jre\21.0.8-win32-x86_64\bin\nio.dll
0x00007ff95ee50000 - 0x00007ff95ee60000 	c:\Users\Fabi\.vscode\extensions\redhat.java-1.47.0-win32-x64\jre\21.0.8-win32-x86_64\bin\verify.dll
0x00007ff959700000 - 0x00007ff959744000 	C:\Users\Fabi\AppData\Roaming\Code\User\globalStorage\redhat.java\1.47.0\config_win\org.eclipse.equinox.launcher\org.eclipse.equinox.launcher.win32.win32.x86_64_1.2.1400.v20250801-0854\eclipse_11916.dll
0x00007ff973900000 - 0x00007ff973a2b000 	C:\Windows\System32\ole32.dll
0x00007ff971000000 - 0x00007ff971018000 	C:\Windows\SYSTEM32\CRYPTSP.dll
0x00007ff970730000 - 0x00007ff970768000 	C:\Windows\system32\rsaenh.dll
0x00007ff971650000 - 0x00007ff97167e000 	C:\Windows\SYSTEM32\USERENV.dll
0x00007ff971020000 - 0x00007ff97102c000 	C:\Windows\SYSTEM32\CRYPTBASE.dll
0x00007ff970af0000 - 0x00007ff970b2b000 	C:\Windows\SYSTEM32\IPHLPAPI.DLL
0x00007ff973a30000 - 0x00007ff973a38000 	C:\Windows\System32\NSI.dll
0x00007ff954730000 - 0x00007ff954779000 	C:\Users\Fabi\AppData\Local\Temp\jna-2181730\jna14518970391095179726.dll
0x00007ff972c60000 - 0x00007ff972c68000 	C:\Windows\System32\PSAPI.DLL
0x00007ff96bce0000 - 0x00007ff96bcf7000 	C:\Windows\SYSTEM32\dhcpcsvc6.DLL
0x00007ff96bcc0000 - 0x00007ff96bcdd000 	C:\Windows\SYSTEM32\dhcpcsvc.DLL
0x00007ff96e780000 - 0x00007ff96e78e000 	C:\Users\Fabi\.vscode\extensions\redhat.java-1.47.0-win32-x64\jre\21.0.8-win32-x86_64\bin\sunmscapi.dll
0x00007ff971930000 - 0x00007ff971a8d000 	C:\Windows\System32\CRYPT32.dll
0x00007ff971120000 - 0x00007ff971147000 	C:\Windows\SYSTEM32\ncrypt.dll
0x00007ff9710e0000 - 0x00007ff97111b000 	C:\Windows\SYSTEM32\NTASN1.dll
0x00007ff970b30000 - 0x00007ff970bfa000 	C:\Windows\SYSTEM32\DNSAPI.dll
0x00007ff963930000 - 0x00007ff96393a000 	C:\Windows\System32\rasadhlp.dll
0x00007ff963850000 - 0x00007ff9638d0000 	C:\Windows\System32\fwpuclnt.dll
0x00007ff96e770000 - 0x00007ff96e779000 	C:\Users\Fabi\.vscode\extensions\redhat.java-1.47.0-win32-x64\jre\21.0.8-win32-x86_64\bin\extnet.dll
0x00007ff970980000 - 0x00007ff9709b3000 	C:\Windows\SYSTEM32\ntmarta.dll

JVMTI agents:
c:\Users\Fabi\.vscode\extensions\redhat.java-1.47.0-win32-x64\lombok\lombok-1.18.39-4050.jar path:c:\Users\Fabi\.vscode\extensions\redhat.java-1.47.0-win32-x64\jre\21.0.8-win32-x86_64\bin\instrument.dll, loaded, initialized, instrumentlib options:none

dbghelp: loaded successfully - version: 4.0.5 - missing functions: none
symbol engine: initialized successfully - sym options: 0x614 - pdb path: .;c:\Users\Fabi\.vscode\extensions\redhat.java-1.47.0-win32-x64\jre\21.0.8-win32-x86_64\bin;C:\Windows\SYSTEM32;C:\Windows\WinSxS\amd64_microsoft.windows.common-controls_6595b64144ccf1df_6.0.19041.6456_none_60b8a6cb71f64256;c:\Users\Fabi\.vscode\extensions\redhat.java-1.47.0-win32-x64\jre\21.0.8-win32-x86_64\bin\server;C:\Users\Fabi\AppData\Roaming\Code\User\globalStorage\redhat.java\1.47.0\config_win\org.eclipse.equinox.launcher\org.eclipse.equinox.launcher.win32.win32.x86_64_1.2.1400.v20250801-0854;C:\Users\Fabi\AppData\Local\Temp\jna-2181730

VM Arguments:
jvm_args: --add-modules=ALL-SYSTEM --add-opens=java.base/java.util=ALL-UNNAMED --add-opens=java.base/java.lang=ALL-UNNAMED --add-opens=java.base/sun.nio.fs=ALL-UNNAMED -Declipse.application=org.eclipse.jdt.ls.core.id1 -Dosgi.bundles.defaultStartLevel=4 -Declipse.product=org.eclipse.jdt.ls.core.product -Djava.import.generatesMetadataFilesAtProjectRoot=false -DDetectVMInstallationsJob.disabled=true -Dfile.encoding=utf8 -XX:+UseParallelGC -XX:GCTimeRatio=4 -XX:AdaptiveSizePolicyWeight=90 -Dsun.zip.disableMemoryMapping=true -Xmx2G -Xms100m -Xlog:disable -javaagent:c:\Users\Fabi\.vscode\extensions\redhat.java-1.47.0-win32-x64\lombok\lombok-1.18.39-4050.jar -XX:+HeapDumpOnOutOfMemoryError -XX:HeapDumpPath=c:\Users\Fabi\AppData\Roaming\Code\User\workspaceStorage\b99e1eaa5a9575e18e42c0a4b3b79132\redhat.java -Daether.dependencyCollector.impl=bf 
java_command: c:\Users\Fabi\.vscode\extensions\redhat.java-1.47.0-win32-x64\server\plugins\org.eclipse.equinox.launcher_1.7.100.v20251014-1222.jar -configuration c:\Users\Fabi\AppData\Roaming\Code\User\globalStorage\redhat.java\1.47.0\config_win -data c:\Users\Fabi\AppData\Roaming\Code\User\workspaceStorage\b99e1eaa5a9575e18e42c0a4b3b79132\redhat.java\jdt_ws --pipe=\\.\pipe\lsp-eb8623cc07f925b62eefb252b85187ea-sock
java_class_path (initial): c:\Users\Fabi\.vscode\extensions\redhat.java-1.47.0-win32-x64\server\plugins\org.eclipse.equinox.launcher_1.7.100.v20251014-1222.jar
Launcher Type: SUN_STANDARD

[Global flags]
    uintx AdaptiveSizePolicyWeight                 = 90                                        {product} {command line}
     intx CICompilerCount                          = 3                                         {product} {ergonomic}
    uintx GCTimeRatio                              = 4                                         {product} {command line}
     bool HeapDumpOnOutOfMemoryError               = true                                   {manageable} {command line}
    ccstr HeapDumpPath                             = c:\Users\Fabi\AppData\Roaming\Code\User\workspaceStorage\b99e1eaa5a9575e18e42c0a4b3b79132\redhat.java         {manageable} {command line}
   size_t InitialHeapSize                          = 104857600                                 {product} {command line}
   size_t MaxHeapSize                              = 2147483648                                {product} {command line}
   size_t MaxNewSize                               = 715653120                                 {product} {ergonomic}
   size_t MinHeapDeltaBytes                        = 524288                                    {product} {ergonomic}
   size_t MinHeapSize                              = 104857600                                 {product} {command line}
   size_t NewSize                                  = 34603008                                  {product} {ergonomic}
    uintx NonNMethodCodeHeapSize                   = 5832780                                {pd product} {ergonomic}
    uintx NonProfiledCodeHeapSize                  = 122912730                              {pd product} {ergonomic}
   size_t OldSize                                  = 70254592                                  {product} {ergonomic}
    uintx ProfiledCodeHeapSize                     = 122912730                              {pd product} {ergonomic}
    uintx ReservedCodeCacheSize                    = 251658240                              {pd product} {ergonomic}
     bool SegmentedCodeCache                       = true                                      {product} {ergonomic}
   size_t SoftMaxHeapSize                          = 2147483648                             {manageable} {ergonomic}
     bool UseCompressedOops                        = true                           {product lp64_product} {ergonomic}
     bool UseLargePagesIndividualAllocation        = false                                  {pd product} {ergonomic}
     bool UseParallelGC                            = true                                      {product} {command line}

Logging:
Log output configuration:
 #0: stdout all=off uptime,level,tags foldmultilines=false
 #1: stderr all=off uptime,level,tags foldmultilines=false

Environment Variables:
PATH=C:\Program Files\Common Files\Oracle\Java\javapath;C:\Windows\system32;C:\Windows;C:\Windows\System32\Wbem;C:\Windows\System32\WindowsPowerShell\v1.0\;C:\Windows\System32\OpenSSH\;C:\Program Files (x86)\ATI Technologies\ATI.ACE\Core-Static;C:\Program Files\Bandizip\;C:\Program Files\Git\cmd;C:\Program Files (x86)\Microsoft SQL Server\160\DTS\Binn\;C:\Program Files\Azure Data Studio\bin;C:\Program Files\nodejs\;C:\Program Files\PuTTY\;C:\Program Files\Git\bin;C:\Users\Fabi\AppData\Local\Microsoft\WindowsApps;;C:\Users\Fabi\AppData\Local\Programs\Microsoft VS Code\bin;C:\Program Files\Azure Data Studio\bin;C:\Users\Fabi\AppData\Roaming\npm
USERNAME=Fabi
OS=Windows_NT
PROCESSOR_IDENTIFIER=Intel64 Family 6 Model 158 Stepping 9, GenuineIntel
TMP=C:\Users\Fabi\AppData\Local\Temp
TEMP=C:\Users\Fabi\AppData\Local\Temp




Periodic native trim disabled

---------------  S Y S T E M  ---------------

OS:
 Windows 10 , 64 bit Build 19041 (10.0.19041.5915)
OS uptime: 0 days 2:21 hours

CPU: total 4 (initial active 4) (4 cores per cpu, 1 threads per core) family 6 model 158 stepping 9 microcode 0xb4, cx8, cmov, fxsr, mmx, 3dnowpref, sse, sse2, sse3, ssse3, sse4.1, sse4.2, popcnt, lzcnt, tsc, tscinvbit, avx, avx2, aes, erms, clmul, bmi1, bmi2, adx, fma, vzeroupper, clflush, clflushopt, rdtscp, f16c
Processor Information for the first 4 processors :
  Max Mhz: 3001, Current Mhz: 3001, Mhz Limit: 3001

Memory: 4k page, system-wide physical 8072M (1131M free)
TotalPageFile size 13192M (AvailPageFile size 4685M)
current process WorkingSet (physical memory assigned to process): 1517M, peak: 1725M
current process commit charge ("private bytes"): 1768M, peak: 1781M

vm_info: OpenJDK 64-Bit Server VM (21.0.8+9-LTS) for windows-amd64 JRE (21.0.8+9-LTS), built on 2025-07-15T00:00:00Z by "admin" with MS VC++ 17.7 (VS2022)

END.
