#
# A fatal error has been detected by the Java Runtime Environment:
#
#  EXCEPTION_ACCESS_VIOLATION (0xc0000005) at pc=0x00007ffb7772b6d6, pid=15764, tid=15844
#
# JRE version: Java(TM) SE Runtime Environment (21.0.1+12) (build 21.0.1+12-LTS-29)
# Java VM: Java HotSpot(TM) 64-Bit Server VM (21.0.1+12-LTS-29, mixed mode, sharing, tiered, compressed oops, compressed class ptrs, g1 gc, windows-amd64)
# Problematic frame:
# V  [jvm.dll+0x65b6d6]
#
# No core dump will be written. Minidumps are not enabled by default on client versions of Windows
#
# If you would like to submit a bug report, please visit:
#   https://bugreport.java.com/bugreport/crash.jsp
#

---------------  S U M M A R Y ------------

Command Line: -agentlib:jdwp=transport=dt_socket,server=n,suspend=y,address=localhost:64465 -XX:+ShowCodeDetailsInExceptionMessages -Dspring.jmx.enabled=true -Dmanagement.endpoints.jmx.exposure.include=* -Dspring.application.admin.enabled=true -Dspring.boot.project.name=backend -Djava.rmi.server.hostname=localhost -Dcom.sun.management.jmxremote.port=45556 -Dcom.sun.management.jmxremote.authenticate=false -Dcom.sun.management.jmxremote.ssl=false com.guardias.backend.BackendApplication

Host: Intel(R) Core(TM) i7-4700MQ CPU @ 2.40GHz, 8 cores, 15G,  Windows 10 , 64 bit Build 19041 (10.0.19041.5198)
Time: Fri Jan 17 20:06:29 2025 Hora estándar de Argentina elapsed time: 7.577565 seconds (0d 0h 0m 7s)

---------------  T H R E A D  ---------------

Current thread (0x000001e612c21ee0):  WorkerThread "GC Thread#4"    [id=15844, stack(0x00000002db000000,0x00000002db100000) (1024K)]

Stack: [0x00000002db000000,0x00000002db100000],  sp=0x00000002db0ff320,  free space=1020k
Native frames: (J=compiled Java code, j=interpreted, Vv=VM code, C=native code)
V  [jvm.dll+0x65b6d6]
V  [jvm.dll+0x24144c]
V  [jvm.dll+0x3ac4f2]
V  [jvm.dll+0x33e329]
V  [jvm.dll+0x33e4c4]
V  [jvm.dll+0x322780]
V  [jvm.dll+0x881f77]
V  [jvm.dll+0x7fd728]
V  [jvm.dll+0x6c777d]
C  [ucrtbase.dll+0x21bb2]
C  [KERNEL32.DLL+0x17374]
C  [ntdll.dll+0x4cc91]


siginfo: EXCEPTION_ACCESS_VIOLATION (0xc0000005), writing address 0x000000068304440c


Registers:
RAX=0x000000000000000c, RBX=0x0000000683044400, RCX=0x000000000003fffc, RDX=0x000000000000000c
RSP=0x00000002db0ff320, RBP=0x000000000003fffc, RSI=0x0000000683044400, RDI=0x00000002db0ff370
R8 =0x000001e612920040, R9 =0x0000000000000003, R10=0x0000000000440000, R11=0x00000190dee6dee4
R12=0x0000000000000002, R13=0x000001e612aa5060, R14=0x0000000000020000, R15=0x000000000001fffe
RIP=0x00007ffb7772b6d6, EFLAGS=0x0000000000010202


Register to memory mapping:

RAX=0x000000000000000c is an unknown value
RBX=0x0000000683044400 is an unknown value
RCX=0x000000000003fffc is an unknown value
RDX=0x000000000000000c is an unknown value
RSP=0x00000002db0ff320 points into unknown readable memory: 0x000001e5cd000a88 | 88 0a 00 cd e5 01 00 00
RBP=0x000000000003fffc is an unknown value
RSI=0x0000000683044400 is an unknown value
RDI=0x00000002db0ff370 points into unknown readable memory: 0x00007ffb77a87bd0 | d0 7b a8 77 fb 7f 00 00
R8 =0x000001e612920040 points into unknown readable memory: 0x0000000000000002 | 02 00 00 00 00 00 00 00
R9 =0x0000000000000003 is an unknown value
R10=0x0000000000440000 is an unknown value
R11=0x00000190dee6dee4 is an unknown value
R12=0x0000000000000002 is an unknown value
R13=0x000001e612aa5060 points into unknown readable memory: 0x000001e612c21ee0 | e0 1e c2 12 e6 01 00 00
R14=0x0000000000020000 is an unknown value
R15=0x000000000001fffe is an unknown value

Top of Stack: (sp=0x00000002db0ff320)
0x00000002db0ff320:   000001e5cd000a88 000000000000887a
0x00000002db0ff330:   00000000000110f0 00007ffbac215ba1
0x00000002db0ff340:   0000000010037780 00007ffb7731144c
0x00000002db0ff350:   0000000000020000 000001e5ad9c9b00
0x00000002db0ff360:   0000000703000000 00007ffbac215ba1
0x00000002db0ff370:   00007ffb77a87bd0 000001e612c21ee0
0x00000002db0ff380:   000001e5cd000a88 0000000000020000
0x00000002db0ff390:   00007f000003fffc 000001e612c21ee0
0x00000002db0ff3a0:   000001e612920040 000001e612aaa2a0
0x00000002db0ff3b0:   000001e612aaa2b0 000001e612aaa388
0x00000002db0ff3c0:   00000000000000d8 000001e6129202c0
0x00000002db0ff3d0:   0000000000000001 000001e5ad9c9b00
0x00000002db0ff3e0:   1ffffffff0000006 0000000703048000
0x00000002db0ff3f0:   0000000703200000 0000000703200000
0x00000002db0ff400:   0000000683044400 00007ffb7747c4f2
0x00000002db0ff410:   000001e5ad9c9b00 000001e612aa50b0
0x00000002db0ff420:   0000000000000001 0000000000000000
0x00000002db0ff430:   0000000703200000 00007ffb7740e329
0x00000002db0ff440:   000001e5ad9823c0 0000000683044400
0x00000002db0ff450:   0000000000000000 00007ffb773fe85d
0x00000002db0ff460:   000001e600000000 00007ffbaa10f05b
0x00000002db0ff470:   000001e5cccc81f0 00007ffb77791c7f
0x00000002db0ff480:   0000000000000001 00000000000000db
0x00000002db0ff490:   000000000481027d 00000004355c3aeb
0x00000002db0ff4a0:   000000000481027c 00000004355c3a7c
0x00000002db0ff4b0:   000001e5cccc81f0 0000000000000000
0x00000002db0ff4c0:   000000000481027d 00000004355c3aeb
0x00000002db0ff4d0:   0000000000000070 0000000000000000
0x00000002db0ff4e0:   0000000000000000 0000000000000140
0x00000002db0ff4f0:   000001e6161e7c10 0000000000000000
0x00000002db0ff500:   0000000000000008 00007ffb7740e4c4
0x00000002db0ff510:   000001e5ad9823c0 0000000400000000 

Instructions: (pc=0x00007ffb7772b6d6)
0x00007ffb7772b5d6:   48 d3 e8 89 43 08 48 8b c3 48 8b 5c 24 30 48 83
0x00007ffb7772b5e6:   c4 20 5f c3 48 89 43 08 48 8b c3 48 8b 5c 24 30
0x00007ffb7772b5f6:   48 83 c4 20 5f c3 cc cc cc cc 48 89 5c 24 08 57
0x00007ffb7772b606:   48 83 ec 20 80 3d 0d ff 55 00 00 48 8b da 48 8b
0x00007ffb7772b616:   f9 74 07 c7 42 0c 00 00 00 00 4c 8b 47 18 48 8d
0x00007ffb7772b626:   4a 10 49 83 e8 02 74 0b 49 c1 e0 03 33 d2 e8 d9
0x00007ffb7772b636:   a6 29 00 48 c7 03 01 00 00 00 80 3d d7 fe 55 00
0x00007ffb7772b646:   00 48 8b 47 10 74 21 48 2b 05 1c e9 55 00 8b 0d
0x00007ffb7772b656:   1e e9 55 00 48 d3 e8 89 43 08 48 8b c3 48 8b 5c
0x00007ffb7772b666:   24 30 48 83 c4 20 5f c3 48 89 43 08 48 8b c3 48
0x00007ffb7772b676:   8b 5c 24 30 48 83 c4 20 5f c3 48 89 5c 24 08 57
0x00007ffb7772b686:   48 83 ec 20 80 79 24 00 48 8b da 48 8b f9 74 29
0x00007ffb7772b696:   80 3d 81 fe 55 00 00 74 07 c7 42 0c 00 00 00 00
0x00007ffb7772b6a6:   4c 8b 47 18 48 8d 4a 10 49 83 e8 02 74 0b 49 c1
0x00007ffb7772b6b6:   e0 03 33 d2 e8 53 a6 29 00 80 3d 58 fe 55 00 00
0x00007ffb7772b6c6:   b8 10 00 00 00 8b 4f 20 ba 0c 00 00 00 0f 45 c2
0x00007ffb7772b6d6:   89 0c 18 48 c7 03 01 00 00 00 80 3d 37 fe 55 00
0x00007ffb7772b6e6:   00 48 8b 47 10 74 21 48 2b 05 7c e8 55 00 8b 0d
0x00007ffb7772b6f6:   7e e8 55 00 48 d3 e8 89 43 08 48 8b c3 48 8b 5c
0x00007ffb7772b706:   24 30 48 83 c4 20 5f c3 48 89 43 08 48 8b c3 48
0x00007ffb7772b716:   8b 5c 24 30 48 83 c4 20 5f c3 48 8b 51 08 4c 8b
0x00007ffb7772b726:   41 18 48 8b 82 b8 01 00 00 48 8b 8a c8 01 00 00
0x00007ffb7772b736:   48 2b c8 48 c1 e9 03 49 3b c8 72 0c 4a 8d 0c c0
0x00007ffb7772b746:   48 89 8a b8 01 00 00 c3 33 c0 c3 cc cc cc cc cc
0x00007ffb7772b756:   cc cc cc cc cc cc cc cc cc cc 48 89 5c 24 18 55
0x00007ffb7772b766:   56 41 56 48 83 ec 20 48 8b 71 08 4c 8d 71 18 48
0x00007ffb7772b776:   81 c6 b0 01 00 00 48 8b ea 80 3d 4c cd 5c 00 00
0x00007ffb7772b786:   74 42 48 8b ce e8 00 49 1a 00 48 8b 46 08 48 8b
0x00007ffb7772b796:   4e 18 49 8b 16 48 2b c8 48 c1 e9 03 48 3b ca 72
0x00007ffb7772b7a6:   1f 48 8d 0c d0 48 89 4e 08 c6 45 28 01 48 85 c0
0x00007ffb7772b7b6:   74 12 48 8b 5c 24 50 48 83 c4 20 41 5e 5e 5d c3
0x00007ffb7772b7c6:   c6 45 28 01 48 8b 46 18 48 2b 46 08 48 c1 e8 03 


Stack slot to memory mapping:

stack at sp + 0 slots: 0x000001e5cd000a88 is a pointer to class: 
stack at sp + 1 slots: 0x000000000000887a is an unknown value
stack at sp + 2 slots: 0x00000000000110f0 is an unknown value
stack at sp + 3 slots: 0x00007ffbac215ba1 ntdll.dll
stack at sp + 4 slots: 0x0000000010037780 is an unknown value
stack at sp + 5 slots: 0x00007ffb7731144c jvm.dll
stack at sp + 6 slots: 0x0000000000020000 is an unknown value
stack at sp + 7 slots: 0x000001e5ad9c9b00 points into unknown readable memory: 0x0000000703000000 | 00 00 00 03 07 00 00 00


---------------  P R O C E S S  ---------------

Threads class SMR info:
_java_thread_list=0x000001e6190876d0, length=26, elements={
0x000001e5ad911130, 0x000001e5cca9eb40, 0x000001e5ccaa1870, 0x000001e5ccaa3440,
0x000001e5ccaa46c0, 0x000001e5ccaa5530, 0x000001e5ccaa5f90, 0x000001e5ccab29e0,
0x000001e5ccab98b0, 0x000001e5cccad510, 0x000001e5ccd9b5a0, 0x000001e5cce14f60,
0x000001e5cce159f0, 0x000001e5cce36410, 0x000001e5ccfb2ca0, 0x000001e6126c0710,
0x000001e61277f390, 0x000001e612847040, 0x000001e612688f50, 0x000001e612d87710,
0x000001e6129485d0, 0x000001e61292ad60, 0x000001e612a9ff00, 0x000001e617635a10,
0x000001e617632c20, 0x000001e6176332b0
}

Java Threads: ( => current thread )
  0x000001e5ad911130 JavaThread "main"                              [_thread_blocked, id=6212, stack(0x00000002d8f00000,0x00000002d9000000) (1024K)]
  0x000001e5cca9eb40 JavaThread "Reference Handler"          daemon [_thread_blocked, id=1744, stack(0x00000002d9700000,0x00000002d9800000) (1024K)]
  0x000001e5ccaa1870 JavaThread "Finalizer"                  daemon [_thread_blocked, id=4124, stack(0x00000002d9800000,0x00000002d9900000) (1024K)]
  0x000001e5ccaa3440 JavaThread "Signal Dispatcher"          daemon [_thread_blocked, id=8612, stack(0x00000002d9900000,0x00000002d9a00000) (1024K)]
  0x000001e5ccaa46c0 JavaThread "Attach Listener"            daemon [_thread_blocked, id=16780, stack(0x00000002d9a00000,0x00000002d9b00000) (1024K)]
  0x000001e5ccaa5530 JavaThread "Service Thread"             daemon [_thread_blocked, id=16796, stack(0x00000002d9b00000,0x00000002d9c00000) (1024K)]
  0x000001e5ccaa5f90 JavaThread "Monitor Deflation Thread"   daemon [_thread_blocked, id=9292, stack(0x00000002d9c00000,0x00000002d9d00000) (1024K)]
  0x000001e5ccab29e0 JavaThread "C2 CompilerThread0"         daemon [_thread_blocked, id=15448, stack(0x00000002d9d00000,0x00000002d9e00000) (1024K)]
  0x000001e5ccab98b0 JavaThread "C1 CompilerThread0"         daemon [_thread_blocked, id=15552, stack(0x00000002d9e00000,0x00000002d9f00000) (1024K)]
  0x000001e5cccad510 JavaThread "Common-Cleaner"             daemon [_thread_blocked, id=15864, stack(0x00000002d9f00000,0x00000002da000000) (1024K)]
  0x000001e5ccd9b5a0 JavaThread "JDWP Transport Listener: dt_socket" daemon [_thread_blocked, id=8928, stack(0x00000002da000000,0x00000002da100000) (1024K)]
  0x000001e5cce14f60 JavaThread "JDWP Event Helper Thread"   daemon [_thread_blocked, id=12504, stack(0x00000002da100000,0x00000002da200000) (1024K)]
  0x000001e5cce159f0 JavaThread "JDWP Command Reader"        daemon [_thread_in_native, id=7632, stack(0x00000002da200000,0x00000002da300000) (1024K)]
  0x000001e5cce36410 JavaThread "Notification Thread"        daemon [_thread_blocked, id=12944, stack(0x00000002da300000,0x00000002da400000) (1024K)]
  0x000001e5ccfb2ca0 JavaThread "C2 CompilerThread1"         daemon [_thread_blocked, id=17376, stack(0x00000002da400000,0x00000002da500000) (1024K)]
  0x000001e6126c0710 JavaThread "C2 CompilerThread2"         daemon [_thread_blocked, id=12500, stack(0x00000002da500000,0x00000002da600000) (1024K)]
  0x000001e61277f390 JavaThread "RMI TCP Accept-0"           daemon [_thread_in_native, id=16500, stack(0x00000002da600000,0x00000002da700000) (1024K)]
  0x000001e612847040 JavaThread "RMI TCP Accept-45556"       daemon [_thread_in_native, id=4720, stack(0x00000002da700000,0x00000002da800000) (1024K)]
  0x000001e612688f50 JavaThread "RMI TCP Accept-0"           daemon [_thread_in_native, id=14552, stack(0x00000002da800000,0x00000002da900000) (1024K)]
  0x000001e612d87710 JavaThread "RMI TCP Connection(1)-127.0.0.1" daemon [_thread_in_native, id=14700, stack(0x00000002da900000,0x00000002daa00000) (1024K)]
  0x000001e6129485d0 JavaThread "RMI TCP Connection(2)-127.0.0.1" daemon [_thread_in_native, id=12360, stack(0x00000002daa00000,0x00000002dab00000) (1024K)]
  0x000001e61292ad60 JavaThread "RMI Scheduler(0)"           daemon [_thread_blocked, id=16908, stack(0x00000002dab00000,0x00000002dac00000) (1024K)]
  0x000001e612a9ff00 JavaThread "JMX server connection timeout 31" daemon [_thread_blocked, id=13788, stack(0x00000002dac00000,0x00000002dad00000) (1024K)]
  0x000001e617635a10 JavaThread "mssql-jdbc-shared-timer-core-0" daemon [_thread_blocked, id=15872, stack(0x00000002db600000,0x00000002db700000) (1024K)]
  0x000001e617632c20 JavaThread "HikariPool-1 housekeeper"   daemon [_thread_blocked, id=17344, stack(0x00000002db700000,0x00000002db800000) (1024K)]
  0x000001e6176332b0 JavaThread "HikariPool-1 connection adder" daemon [_thread_blocked, id=12640, stack(0x00000002db800000,0x00000002db900000) (1024K)]
Total: 26

Other Threads:
  0x000001e5cca821b0 VMThread "VM Thread"                           [id=16668, stack(0x00000002d9600000,0x00000002d9700000) (1024K)]
  0x000001e5cca6a8b0 WatcherThread "VM Periodic Task Thread"        [id=17140, stack(0x00000002d9500000,0x00000002d9600000) (1024K)]
  0x000001e5ad981cd0 WorkerThread "GC Thread#0"                     [id=14424, stack(0x00000002d9000000,0x00000002d9100000) (1024K)]
  0x000001e612ac7370 WorkerThread "GC Thread#1"                     [id=5400, stack(0x00000002dad00000,0x00000002dae00000) (1024K)]
  0x000001e612c21400 WorkerThread "GC Thread#2"                     [id=132, stack(0x00000002dae00000,0x00000002daf00000) (1024K)]
  0x000001e612c22280 WorkerThread "GC Thread#3"                     [id=15300, stack(0x00000002daf00000,0x00000002db000000) (1024K)]
=>0x000001e612c21ee0 WorkerThread "GC Thread#4"                     [id=15844, stack(0x00000002db000000,0x00000002db100000) (1024K)]
  0x000001e612c22620 WorkerThread "GC Thread#5"                     [id=8568, stack(0x00000002db100000,0x00000002db200000) (1024K)]
  0x000001e612c217a0 WorkerThread "GC Thread#6"                     [id=10068, stack(0x00000002db200000,0x00000002db300000) (1024K)]
  0x000001e612c21b40 WorkerThread "GC Thread#7"                     [id=10504, stack(0x00000002db300000,0x00000002db400000) (1024K)]
  0x000001e5ad992d60 ConcurrentGCThread "G1 Main Marker"            [id=6988, stack(0x00000002d9100000,0x00000002d9200000) (1024K)]
  0x000001e5ad993860 WorkerThread "G1 Conc#0"                       [id=11156, stack(0x00000002d9200000,0x00000002d9300000) (1024K)]
  0x000001e612f1d110 WorkerThread "G1 Conc#1"                       [id=8476, stack(0x00000002db500000,0x00000002db600000) (1024K)]
  0x000001e5ad9ce6d0 ConcurrentGCThread "G1 Refine#0"               [id=15416, stack(0x00000002d9300000,0x00000002d9400000) (1024K)]
  0x000001e5ab6a2860 ConcurrentGCThread "G1 Service"                [id=12244, stack(0x00000002d9400000,0x00000002d9500000) (1024K)]
Total: 15

Threads with active compile tasks:
C2 CompilerThread0     7662 6567       4       java.util.stream.StreamSpliterators$WrappingSpliterator::tryAdvance (36 bytes)
C2 CompilerThread1     7662 6564       4       java.util.stream.StreamSpliterators$AbstractWrappingSpliterator::doAdvance (106 bytes)
C2 CompilerThread2     7662 6544   !   4       java.util.stream.ReferencePipeline$7$1::accept (127 bytes)
Total: 3

VM state: at safepoint (normal execution)

VM Mutex/Monitor currently owned by a thread:  ([mutex/lock_event])
[0x00007ffb77d0a5f8] Threads_lock - owner thread: 0x000001e5cca821b0
[0x00007ffb77d0a6f8] Heap_lock - owner thread: 0x000001e5ad911130

Heap address: 0x0000000701000000, size: 4080 MB, Compressed Oops mode: Zero based, Oop shift amount: 3

CDS archive(s) mapped at: [0x000001e5cd000000-0x000001e5cdc90000-0x000001e5cdc90000), size 13172736, SharedBaseAddress: 0x000001e5cd000000, ArchiveRelocationMode: 1.
Compressed class space mapped at: 0x000001e5ce000000-0x000001e60e000000, reserved size: 1073741824
Narrow klass base: 0x000001e5cd000000, Narrow klass shift: 0, Narrow klass range: 0x100000000

GC Precious Log:
 CardTable entry size: 512
 Card Set container configuration: InlinePtr #cards 4 size 8 Array Of Cards #cards 16 size 48 Howl #buckets 8 coarsen threshold 3686 Howl Bitmap #cards 512 size 80 coarsen threshold 460 Card regions per heap region 1 cards per card region 4096
 CPUs: 8 total, 8 available
 Memory: 16316M
 Large Page Support: Disabled
 NUMA Support: Disabled
 Compressed Oops: Enabled (Zero based)
 Heap Region Size: 2M
 Heap Min Capacity: 8M
 Heap Initial Capacity: 256M
 Heap Max Capacity: 4080M
 Pre-touch: Disabled
 Parallel Workers: 8
 Concurrent Workers: 2
 Concurrent Refinement Workers: 8
 Periodic GC: Disabled

Heap:
 garbage-first heap   total 96256K, used 89011K [0x0000000701000000, 0x0000000800000000)
  region size 2048K, 27 young (55296K), 3 survivors (6144K)
 Metaspace       used 54969K, committed 55680K, reserved 1114112K
  class space    used 6901K, committed 7232K, reserved 1048576K

Heap Regions: E=young(eden), S=young(survivor), O=old, HS=humongous(starts), HC=humongous(continues), CS=collection set, F=free, TAMS=top-at-mark-start, PB=parsable bottom
|   0|0x0000000701000000, 0x0000000701200000, 0x0000000701200000|100%| O|  |TAMS 0x0000000701000000| PB 0x0000000701000000| Untracked 
|   1|0x0000000701200000, 0x0000000701400000, 0x0000000701400000|100%| O|  |TAMS 0x0000000701200000| PB 0x0000000701200000| Untracked 
|   2|0x0000000701400000, 0x0000000701600000, 0x0000000701600000|100%| O|  |TAMS 0x0000000701400000| PB 0x0000000701400000| Untracked 
|   3|0x0000000701600000, 0x0000000701800000, 0x0000000701800000|100%| O|  |TAMS 0x0000000701600000| PB 0x0000000701600000| Untracked 
|   4|0x0000000701800000, 0x0000000701a00000, 0x0000000701a00000|100%| O|  |TAMS 0x0000000701800000| PB 0x0000000701800000| Untracked 
|   5|0x0000000701a00000, 0x0000000701c00000, 0x0000000701c00000|100%| O|  |TAMS 0x0000000701a00000| PB 0x0000000701a00000| Untracked 
|   6|0x0000000701c00000, 0x0000000701e00000, 0x0000000701e00000|100%| O|  |TAMS 0x0000000701c00000| PB 0x0000000701c00000| Untracked 
|   7|0x0000000701e00000, 0x0000000702000000, 0x0000000702000000|100%| O|  |TAMS 0x0000000701e00000| PB 0x0000000701e00000| Untracked 
|   8|0x0000000702000000, 0x0000000702200000, 0x0000000702200000|100%| O|  |TAMS 0x0000000702000000| PB 0x0000000702000000| Untracked 
|   9|0x0000000702200000, 0x0000000702400000, 0x0000000702400000|100%| O|  |TAMS 0x0000000702200000| PB 0x0000000702200000| Untracked 
|  10|0x0000000702400000, 0x0000000702440660, 0x0000000702600000| 12%| O|CS|TAMS 0x0000000702400000| PB 0x0000000702400000| Complete 
|  11|0x0000000702600000, 0x0000000702800000, 0x0000000702800000|100%| O|  |TAMS 0x0000000702600000| PB 0x0000000702600000| Untracked 
|  12|0x0000000702800000, 0x0000000702a00000, 0x0000000702a00000|100%| O|  |TAMS 0x0000000702800000| PB 0x0000000702800000| Untracked 
|  13|0x0000000702a00000, 0x0000000702c00000, 0x0000000702c00000|100%| O|  |TAMS 0x0000000702a00000| PB 0x0000000702a00000| Untracked 
|  14|0x0000000702c00000, 0x0000000702c00000, 0x0000000702e00000|  0%| F|  |TAMS 0x0000000702c00000| PB 0x0000000702c00000| Untracked 
|  15|0x0000000702e00000, 0x0000000703000000, 0x0000000703000000|100%| E|CS|TAMS 0x0000000702e00000| PB 0x0000000702e00000| Complete 
|  16|0x0000000703000000, 0x0000000703200000, 0x0000000703200000|100%| E|CS|TAMS 0x0000000703000000| PB 0x0000000703000000| Complete 
|  17|0x0000000703200000, 0x0000000703400000, 0x0000000703400000|100%| E|CS|TAMS 0x0000000703200000| PB 0x0000000703200000| Complete 
|  18|0x0000000703400000, 0x0000000703600000, 0x0000000703600000|100%| E|CS|TAMS 0x0000000703400000| PB 0x0000000703400000| Complete 
|  19|0x0000000703600000, 0x0000000703600000, 0x0000000703800000|  0%| F|  |TAMS 0x0000000703600000| PB 0x0000000703600000| Untracked 
|  20|0x0000000703800000, 0x00000007038ac6d8, 0x0000000703a00000| 33%| S|  |TAMS 0x0000000703800000| PB 0x0000000703800000| Complete 
|  21|0x0000000703a00000, 0x0000000703c00000, 0x0000000703c00000|100%| S|  |TAMS 0x0000000703a00000| PB 0x0000000703a00000| Complete 
|  22|0x0000000703c00000, 0x0000000703e00000, 0x0000000703e00000|100%| S|  |TAMS 0x0000000703c00000| PB 0x0000000703c00000| Complete 
|  23|0x0000000703e00000, 0x0000000704000000, 0x0000000704000000|100%| E|CS|TAMS 0x0000000703e00000| PB 0x0000000703e00000| Complete 
|  24|0x0000000704000000, 0x0000000704200000, 0x0000000704200000|100%| E|CS|TAMS 0x0000000704000000| PB 0x0000000704000000| Complete 
|  25|0x0000000704200000, 0x0000000704400000, 0x0000000704400000|100%| E|CS|TAMS 0x0000000704200000| PB 0x0000000704200000| Complete 
|  26|0x0000000704400000, 0x0000000704600000, 0x0000000704600000|100%| E|CS|TAMS 0x0000000704400000| PB 0x0000000704400000| Complete 
|  27|0x0000000704600000, 0x0000000704800000, 0x0000000704800000|100%| E|CS|TAMS 0x0000000704600000| PB 0x0000000704600000| Complete 
|  28|0x0000000704800000, 0x0000000704a00000, 0x0000000704a00000|100%| E|CS|TAMS 0x0000000704800000| PB 0x0000000704800000| Complete 
|  29|0x0000000704a00000, 0x0000000704c00000, 0x0000000704c00000|100%| E|CS|TAMS 0x0000000704a00000| PB 0x0000000704a00000| Complete 
|  30|0x0000000704c00000, 0x0000000704e00000, 0x0000000704e00000|100%| E|CS|TAMS 0x0000000704c00000| PB 0x0000000704c00000| Complete 
|  31|0x0000000704e00000, 0x0000000705000000, 0x0000000705000000|100%| E|CS|TAMS 0x0000000704e00000| PB 0x0000000704e00000| Complete 
|  32|0x0000000705000000, 0x0000000705200000, 0x0000000705200000|100%| E|CS|TAMS 0x0000000705000000| PB 0x0000000705000000| Complete 
|  33|0x0000000705200000, 0x0000000705400000, 0x0000000705400000|100%| E|CS|TAMS 0x0000000705200000| PB 0x0000000705200000| Complete 
|  34|0x0000000705400000, 0x0000000705600000, 0x0000000705600000|100%| E|CS|TAMS 0x0000000705400000| PB 0x0000000705400000| Complete 
|  35|0x0000000705600000, 0x0000000705800000, 0x0000000705800000|100%| E|CS|TAMS 0x0000000705600000| PB 0x0000000705600000| Complete 
|  36|0x0000000705800000, 0x0000000705a00000, 0x0000000705a00000|100%| E|CS|TAMS 0x0000000705800000| PB 0x0000000705800000| Complete 
|  37|0x0000000705a00000, 0x0000000705c00000, 0x0000000705c00000|100%| E|CS|TAMS 0x0000000705a00000| PB 0x0000000705a00000| Complete 
|  38|0x0000000705c00000, 0x0000000705e00000, 0x0000000705e00000|100%| E|CS|TAMS 0x0000000705c00000| PB 0x0000000705c00000| Complete 
|  39|0x0000000705e00000, 0x0000000706000000, 0x0000000706000000|100%| E|CS|TAMS 0x0000000705e00000| PB 0x0000000705e00000| Complete 
|  40|0x0000000706000000, 0x0000000706200000, 0x0000000706200000|100%| E|CS|TAMS 0x0000000706000000| PB 0x0000000706000000| Complete 
|  41|0x0000000706200000, 0x0000000706400000, 0x0000000706400000|100%| E|CS|TAMS 0x0000000706200000| PB 0x0000000706200000| Complete 
|  42|0x0000000706400000, 0x0000000706600000, 0x0000000706600000|100%| E|CS|TAMS 0x0000000706400000| PB 0x0000000706400000| Complete 
|  43|0x0000000706600000, 0x0000000706800000, 0x0000000706800000|100%| E|CS|TAMS 0x0000000706600000| PB 0x0000000706600000| Complete 
|  64|0x0000000709000000, 0x0000000709200000, 0x0000000709200000|100%| E|CS|TAMS 0x0000000709000000| PB 0x0000000709000000| Complete 
|  65|0x0000000709200000, 0x0000000709400000, 0x0000000709400000|100%| E|CS|TAMS 0x0000000709200000| PB 0x0000000709200000| Complete 
| 127|0x0000000710e00000, 0x0000000711000000, 0x0000000711000000|100%| E|CS|TAMS 0x0000000710e00000| PB 0x0000000710e00000| Complete 

Card table byte_map: [0x000001e5c5890000,0x000001e5c6090000] _byte_map_base: 0x000001e5c2088000

Marking Bits: (CMBitMap*) 0x000001e5ad9823d0
 Bits: [0x000001e5c6090000, 0x000001e5ca050000)

Polling page: 0x000001e5ab870000

Metaspace:

Usage:
  Non-class:     46.94 MB used.
      Class:      6.74 MB used.
       Both:     53.68 MB used.

Virtual space:
  Non-class space:       64.00 MB reserved,      47.31 MB ( 74%) committed,  1 nodes.
      Class space:        1.00 GB reserved,       7.06 MB ( <1%) committed,  1 nodes.
             Both:        1.06 GB reserved,      54.38 MB (  5%) committed. 

Chunk freelists:
   Non-Class:  736.00 KB
       Class:  8.97 MB
        Both:  9.69 MB

MaxMetaspaceSize: unlimited
CompressedClassSpaceSize: 1.00 GB
Initial GC threshold: 21.00 MB
Current GC threshold: 59.19 MB
CDS: on
 - commit_granule_bytes: 65536.
 - commit_granule_words: 8192.
 - virtual_space_node_default_size: 8388608.
 - enlarge_chunks_in_place: 1.
 - use_allocation_guard: 0.


Internal statistics:

num_allocs_failed_limit: 6.
num_arena_births: 916.
num_arena_deaths: 0.
num_vsnodes_births: 2.
num_vsnodes_deaths: 0.
num_space_committed: 870.
num_space_uncommitted: 0.
num_chunks_returned_to_freelist: 6.
num_chunks_taken_from_freelist: 2696.
num_chunk_merges: 6.
num_chunk_splits: 1885.
num_chunks_enlarged: 1376.
num_inconsistent_stats: 0.

CodeHeap 'non-profiled nmethods': size=120000Kb used=5002Kb max_used=5002Kb free=114997Kb
 bounds [0x000001e5bd830000, 0x000001e5bdd20000, 0x000001e5c4d60000]
CodeHeap 'profiled nmethods': size=120000Kb used=13141Kb max_used=13141Kb free=106858Kb
 bounds [0x000001e5b5d60000, 0x000001e5b6a40000, 0x000001e5bd290000]
CodeHeap 'non-nmethods': size=5760Kb used=1723Kb max_used=1816Kb free=4036Kb
 bounds [0x000001e5bd290000, 0x000001e5bd500000, 0x000001e5bd830000]
 total_blobs=6848 nmethods=6152 adapters=600
 compilation: enabled
              stopped_count=0, restarted_count=0
 full_count=0

Compilation events (20 events):
Event: 7.532 Thread 0x000001e5ccab29e0 6567       4       java.util.stream.StreamSpliterators$WrappingSpliterator::tryAdvance (36 bytes)
Event: 7.532 Thread 0x000001e5ccab98b0 nmethod 6568 0x000001e5b6a2f410 code [0x000001e5b6a2f600, 0x000001e5b6a2fa68]
Event: 7.532 Thread 0x000001e5ccab98b0 6569       3       org.hibernate.boot.model.internal.HCANNHelper::findContainingAnnotations (75 bytes)
Event: 7.533 Thread 0x000001e5ccab98b0 nmethod 6569 0x000001e5b6a2fc90 code [0x000001e5b6a2ff40, 0x000001e5b6a30dc8]
Event: 7.534 Thread 0x000001e5ccab98b0 6570       3       org.hibernate.boot.model.internal.AnnotatedJoinColumn::redefineColumnName (8 bytes)
Event: 7.534 Thread 0x000001e5ccab98b0 nmethod 6570 0x000001e5b6a31410 code [0x000001e5b6a315c0, 0x000001e5b6a31730]
Event: 7.534 Thread 0x000001e5ccab98b0 6572       3       org.hibernate.boot.model.internal.CollectionBinder::isUnownedCollection (13 bytes)
Event: 7.534 Thread 0x000001e5ccab98b0 nmethod 6572 0x000001e5b6a31810 code [0x000001e5b6a319a0, 0x000001e5b6a31b10]
Event: 7.534 Thread 0x000001e5ccab98b0 6573       3       java.util.stream.ReduceOps$1ReducingSink::accept (19 bytes)
Event: 7.535 Thread 0x000001e5ccab98b0 nmethod 6573 0x000001e5b6a31b90 code [0x000001e5b6a31d40, 0x000001e5b6a31f98]
Event: 7.535 Thread 0x000001e5ccab98b0 6574       3       org.hibernate.internal.util.collections.JoinedList$$Lambda/0x000001e5ce6fcb70::apply (13 bytes)
Event: 7.535 Thread 0x000001e5ccab98b0 nmethod 6574 0x000001e5b6a32090 code [0x000001e5b6a32280, 0x000001e5b6a32818]
Event: 7.535 Thread 0x000001e5ccab98b0 6575       3       org.hibernate.internal.util.collections.JoinedList$$Lambda/0x000001e5ce6fcda8::apply (21 bytes)
Event: 7.536 Thread 0x000001e5ccab98b0 nmethod 6575 0x000001e5b6a32a10 code [0x000001e5b6a32c00, 0x000001e5b6a33230]
Event: 7.536 Thread 0x000001e5ccab98b0 6576       3       org.hibernate.boot.model.naming.ObjectNameNormalizer::database (30 bytes)
Event: 7.537 Thread 0x000001e5ccab98b0 nmethod 6576 0x000001e5b6a33490 code [0x000001e5b6a336a0, 0x000001e5b6a33ec8]
Event: 7.537 Thread 0x000001e5ccab98b0 6577   !   3       org.hibernate.mapping.PersistentClass::getMappedClass (57 bytes)
Event: 7.537 Thread 0x000001e5ccab98b0 nmethod 6577 0x000001e5b6a34190 code [0x000001e5b6a343a0, 0x000001e5b6a348f8]
Event: 7.537 Thread 0x000001e5ccab98b0 6579       3       org.hibernate.boot.model.internal.BinderHelper::isDefault (21 bytes)
Event: 7.538 Thread 0x000001e5ccab98b0 nmethod 6579 0x000001e5b6a34c10 code [0x000001e5b6a34de0, 0x000001e5b6a352e8]

GC Heap History (19 events):
Event: 0.688 GC heap before
{Heap before GC invocations=0 (full 0):
 garbage-first heap   total 262144K, used 20480K [0x0000000701000000, 0x0000000800000000)
  region size 2048K, 11 young (22528K), 0 survivors (0K)
 Metaspace       used 7279K, committed 7552K, reserved 1114112K
  class space    used 775K, committed 896K, reserved 1048576K
}
Event: 0.694 GC heap after
{Heap after GC invocations=1 (full 0):
 garbage-first heap   total 262144K, used 7155K [0x0000000701000000, 0x0000000800000000)
  region size 2048K, 2 young (4096K), 2 survivors (4096K)
 Metaspace       used 7279K, committed 7552K, reserved 1114112K
  class space    used 775K, committed 896K, reserved 1048576K
}
Event: 1.146 GC heap before
{Heap before GC invocations=1 (full 0):
 garbage-first heap   total 262144K, used 31731K [0x0000000701000000, 0x0000000800000000)
  region size 2048K, 14 young (28672K), 2 survivors (4096K)
 Metaspace       used 11038K, committed 11328K, reserved 1114112K
  class space    used 1272K, committed 1408K, reserved 1048576K
}
Event: 1.150 GC heap after
{Heap after GC invocations=2 (full 0):
 garbage-first heap   total 262144K, used 9021K [0x0000000701000000, 0x0000000800000000)
  region size 2048K, 1 young (2048K), 1 survivors (2048K)
 Metaspace       used 11038K, committed 11328K, reserved 1114112K
  class space    used 1272K, committed 1408K, reserved 1048576K
}
Event: 1.795 GC heap before
{Heap before GC invocations=2 (full 0):
 garbage-first heap   total 262144K, used 56125K [0x0000000701000000, 0x0000000800000000)
  region size 2048K, 25 young (51200K), 1 survivors (2048K)
 Metaspace       used 21166K, committed 21504K, reserved 1114112K
  class space    used 2588K, committed 2752K, reserved 1048576K
}
Event: 1.801 GC heap after
{Heap after GC invocations=3 (full 0):
 garbage-first heap   total 262144K, used 13296K [0x0000000701000000, 0x0000000800000000)
  region size 2048K, 3 young (6144K), 3 survivors (6144K)
 Metaspace       used 21166K, committed 21504K, reserved 1114112K
  class space    used 2588K, committed 2752K, reserved 1048576K
}
Event: 2.379 GC heap before
{Heap before GC invocations=4 (full 0):
 garbage-first heap   total 61440K, used 44016K [0x0000000701000000, 0x0000000800000000)
  region size 2048K, 18 young (36864K), 3 survivors (6144K)
 Metaspace       used 24768K, committed 25216K, reserved 1114112K
  class space    used 3009K, committed 3200K, reserved 1048576K
}
Event: 2.389 GC heap after
{Heap after GC invocations=5 (full 0):
 garbage-first heap   total 61440K, used 16271K [0x0000000701000000, 0x0000000800000000)
  region size 2048K, 2 young (4096K), 2 survivors (4096K)
 Metaspace       used 24768K, committed 25216K, reserved 1114112K
  class space    used 3009K, committed 3200K, reserved 1048576K
}
Event: 2.988 GC heap before
{Heap before GC invocations=5 (full 0):
 garbage-first heap   total 61440K, used 42895K [0x0000000701000000, 0x0000000800000000)
  region size 2048K, 15 young (30720K), 2 survivors (4096K)
 Metaspace       used 27368K, committed 27776K, reserved 1114112K
  class space    used 3351K, committed 3520K, reserved 1048576K
}
Event: 2.995 GC heap after
{Heap after GC invocations=6 (full 0):
 garbage-first heap   total 61440K, used 18446K [0x0000000701000000, 0x0000000800000000)
  region size 2048K, 2 young (4096K), 2 survivors (4096K)
 Metaspace       used 27368K, committed 27776K, reserved 1114112K
  class space    used 3351K, committed 3520K, reserved 1048576K
}
Event: 3.705 GC heap before
{Heap before GC invocations=6 (full 0):
 garbage-first heap   total 61440K, used 45070K [0x0000000701000000, 0x0000000800000000)
  region size 2048K, 15 young (30720K), 2 survivors (4096K)
 Metaspace       used 30227K, committed 30592K, reserved 1114112K
  class space    used 3702K, committed 3840K, reserved 1048576K
}
Event: 3.713 GC heap after
{Heap after GC invocations=7 (full 0):
 garbage-first heap   total 61440K, used 21006K [0x0000000701000000, 0x0000000800000000)
  region size 2048K, 2 young (4096K), 2 survivors (4096K)
 Metaspace       used 30227K, committed 30592K, reserved 1114112K
  class space    used 3702K, committed 3840K, reserved 1048576K
}
Event: 4.016 GC heap before
{Heap before GC invocations=7 (full 0):
 garbage-first heap   total 61440K, used 47630K [0x0000000701000000, 0x0000000800000000)
  region size 2048K, 15 young (30720K), 2 survivors (4096K)
 Metaspace       used 31854K, committed 32256K, reserved 1114112K
  class space    used 3913K, committed 4096K, reserved 1048576K
}
Event: 4.024 GC heap after
{Heap after GC invocations=8 (full 0):
 garbage-first heap   total 161792K, used 22403K [0x0000000701000000, 0x0000000800000000)
  region size 2048K, 1 young (2048K), 1 survivors (2048K)
 Metaspace       used 31854K, committed 32256K, reserved 1114112K
  class space    used 3913K, committed 4096K, reserved 1048576K
}
Event: 4.716 GC heap before
{Heap before GC invocations=8 (full 0):
 garbage-first heap   total 161792K, used 46979K [0x0000000701000000, 0x0000000800000000)
  region size 2048K, 14 young (28672K), 1 survivors (2048K)
 Metaspace       used 35582K, committed 36096K, reserved 1114112K
  class space    used 4476K, committed 4736K, reserved 1048576K
}
Event: 4.724 GC heap after
{Heap after GC invocations=9 (full 0):
 garbage-first heap   total 161792K, used 24833K [0x0000000701000000, 0x0000000800000000)
  region size 2048K, 2 young (4096K), 2 survivors (4096K)
 Metaspace       used 35582K, committed 36096K, reserved 1114112K
  class space    used 4476K, committed 4736K, reserved 1048576K
}
Event: 6.217 GC heap before
{Heap before GC invocations=10 (full 0):
 garbage-first heap   total 96256K, used 78081K [0x0000000701000000, 0x0000000800000000)
  region size 2048K, 28 young (57344K), 2 survivors (4096K)
 Metaspace       used 47874K, committed 48512K, reserved 1114112K
  class space    used 6056K, committed 6336K, reserved 1048576K
}
Event: 6.232 GC heap after
{Heap after GC invocations=11 (full 0):
 garbage-first heap   total 96256K, used 28988K [0x0000000701000000, 0x0000000800000000)
  region size 2048K, 4 young (8192K), 4 survivors (8192K)
 Metaspace       used 47874K, committed 48512K, reserved 1114112K
  class space    used 6056K, committed 6336K, reserved 1048576K
}
Event: 7.538 GC heap before
{Heap before GC invocations=11 (full 0):
 garbage-first heap   total 96256K, used 78140K [0x0000000701000000, 0x0000000800000000)
  region size 2048K, 28 young (57344K), 4 survivors (8192K)
 Metaspace       used 54969K, committed 55680K, reserved 1114112K
  class space    used 6901K, committed 7232K, reserved 1048576K
}

Dll operation events (11 events):
Event: 0.007 Loaded shared library C:\Program Files\Java\jdk-21\bin\java.dll
Event: 0.036 Loaded shared library C:\Program Files\Java\jdk-21\bin\jsvml.dll
Event: 0.215 Loaded shared library C:\Program Files\Java\jdk-21\bin\jimage.dll
Event: 0.222 Loaded shared library C:\Program Files\Java\jdk-21\bin\net.dll
Event: 0.223 Loaded shared library C:\Program Files\Java\jdk-21\bin\nio.dll
Event: 0.225 Loaded shared library C:\Program Files\Java\jdk-21\bin\zip.dll
Event: 0.297 Loaded shared library C:\Program Files\Java\jdk-21\bin\management.dll
Event: 0.309 Loaded shared library C:\Program Files\Java\jdk-21\bin\management_ext.dll
Event: 0.557 Loaded shared library C:\Program Files\Java\jdk-21\bin\extnet.dll
Event: 4.895 Loaded shared library C:\Program Files\Java\jdk-21\bin\sunmscapi.dll
Event: 5.743 Loaded shared library C:\Program Files\Java\jdk-21\bin\verify.dll

Deoptimization events (20 events):
Event: 7.538 Thread 0x000001e5ad911130 DEOPT PACKING pc=0x000001e5b68ee0bc sp=0x00000002d8ffa070
Event: 7.538 Thread 0x000001e5ad911130 DEOPT UNPACKING pc=0x000001e5bd2e4e42 sp=0x00000002d8ff95c0 mode 1
Event: 7.538 Thread 0x000001e5ad911130 DEOPT PACKING pc=0x000001e5b69ba48c sp=0x00000002d8ffa180
Event: 7.538 Thread 0x000001e5ad911130 DEOPT UNPACKING pc=0x000001e5bd2e4e42 sp=0x00000002d8ff9700 mode 1
Event: 7.538 Thread 0x000001e5ad911130 DEOPT PACKING pc=0x000001e5b68ee0bc sp=0x00000002d8ffa070
Event: 7.538 Thread 0x000001e5ad911130 DEOPT UNPACKING pc=0x000001e5bd2e4e42 sp=0x00000002d8ff95c0 mode 1
Event: 7.538 Thread 0x000001e5ad911130 DEOPT PACKING pc=0x000001e5b69ba48c sp=0x00000002d8ffa180
Event: 7.538 Thread 0x000001e5ad911130 DEOPT UNPACKING pc=0x000001e5bd2e4e42 sp=0x00000002d8ff9700 mode 1
Event: 7.538 Thread 0x000001e5ad911130 DEOPT PACKING pc=0x000001e5b68ee0bc sp=0x00000002d8ffa070
Event: 7.538 Thread 0x000001e5ad911130 DEOPT UNPACKING pc=0x000001e5bd2e4e42 sp=0x00000002d8ff95c0 mode 1
Event: 7.538 Thread 0x000001e5ad911130 DEOPT PACKING pc=0x000001e5b69ba48c sp=0x00000002d8ffa180
Event: 7.538 Thread 0x000001e5ad911130 DEOPT UNPACKING pc=0x000001e5bd2e4e42 sp=0x00000002d8ff9700 mode 1
Event: 7.538 Thread 0x000001e5ad911130 DEOPT PACKING pc=0x000001e5b68ee0bc sp=0x00000002d8ffa110
Event: 7.538 Thread 0x000001e5ad911130 DEOPT UNPACKING pc=0x000001e5bd2e4e42 sp=0x00000002d8ff9660 mode 1
Event: 7.538 Thread 0x000001e5ad911130 DEOPT PACKING pc=0x000001e5b69ba48c sp=0x00000002d8ffa220
Event: 7.538 Thread 0x000001e5ad911130 DEOPT UNPACKING pc=0x000001e5bd2e4e42 sp=0x00000002d8ff97a0 mode 1
Event: 7.538 Thread 0x000001e5ad911130 DEOPT PACKING pc=0x000001e5b68ee0bc sp=0x00000002d8ffa070
Event: 7.538 Thread 0x000001e5ad911130 DEOPT UNPACKING pc=0x000001e5bd2e4e42 sp=0x00000002d8ff95c0 mode 1
Event: 7.538 Thread 0x000001e5ad911130 DEOPT PACKING pc=0x000001e5b69ba48c sp=0x00000002d8ffa180
Event: 7.538 Thread 0x000001e5ad911130 DEOPT UNPACKING pc=0x000001e5bd2e4e42 sp=0x00000002d8ff9700 mode 1

Classes loaded (20 events):
Event: 6.538 Loading class java/util/JumboEnumSet$EnumSetIterator
Event: 6.538 Loading class java/util/JumboEnumSet$EnumSetIterator done
Event: 6.605 Loading class java/math/MathContext
Event: 6.605 Loading class java/math/MathContext done
Event: 6.631 Loading class java/util/concurrent/ThreadPoolExecutor$CallerRunsPolicy
Event: 6.631 Loading class java/util/concurrent/ThreadPoolExecutor$CallerRunsPolicy done
Event: 6.632 Loading class java/util/concurrent/atomic/AtomicReferenceFieldUpdater
Event: 6.632 Loading class java/util/concurrent/atomic/AtomicReferenceFieldUpdater done
Event: 6.632 Loading class java/util/concurrent/atomic/AtomicReferenceFieldUpdater$AtomicReferenceFieldUpdaterImpl
Event: 6.633 Loading class java/util/concurrent/atomic/AtomicReferenceFieldUpdater$AtomicReferenceFieldUpdaterImpl done
Event: 6.633 Loading class java/util/concurrent/atomic/AtomicReferenceFieldUpdater$AtomicReferenceFieldUpdaterImpl$1
Event: 6.633 Loading class java/util/concurrent/atomic/AtomicReferenceFieldUpdater$AtomicReferenceFieldUpdaterImpl$1 done
Event: 6.673 Loading class java/util/regex/Pattern$1MatcherIterator
Event: 6.673 Loading class java/util/regex/Pattern$1MatcherIterator done
Event: 6.963 Loading class jdk/internal/event/ThreadSleepEvent
Event: 6.964 Loading class jdk/internal/event/ThreadSleepEvent done
Event: 6.977 Loading class sun/reflect/generics/repository/FieldRepository
Event: 6.977 Loading class sun/reflect/generics/repository/FieldRepository done
Event: 7.007 Loading class jdk/internal/ValueBased
Event: 7.007 Loading class jdk/internal/ValueBased done

Classes unloaded (0 events):
No events

Classes redefined (0 events):
No events

Internal exceptions (20 events):
Event: 7.088 Thread 0x000001e6129485d0 Exception <a 'java/lang/ClassNotFoundException'{0x00000007052089c0}: org/springframework/context/support/LiveBeansView> (0x00000007052089c0) 
thrown [s\open\src\hotspot\share\classfile\systemDictionary.cpp, line 312]
Event: 7.088 Thread 0x000001e6129485d0 Exception <a 'java/lang/ClassNotFoundException'{0x0000000705208d80}: org/springframework/context/support/LiveBeansView> (0x0000000705208d80) 
thrown [s\open\src\hotspot\share\classfile\systemDictionary.cpp, line 312]
Event: 7.088 Thread 0x000001e6129485d0 Exception <a 'java/lang/ClassNotFoundException'{0x0000000705209138}: org/springframework/context/support/LiveBeansView> (0x0000000705209138) 
thrown [s\open\src\hotspot\share\classfile\systemDictionary.cpp, line 312]
Event: 7.088 Thread 0x000001e6129485d0 Exception <a 'java/lang/ClassNotFoundException'{0x00000007052094e8}: org/springframework/context/support/LiveBeansView> (0x00000007052094e8) 
thrown [s\open\src\hotspot\share\classfile\systemDictionary.cpp, line 312]
Event: 7.088 Thread 0x000001e6129485d0 Exception <a 'java/lang/ClassNotFoundException'{0x00000007052098b0}: org/springframework/context/support/LiveBeansView> (0x00000007052098b0) 
thrown [s\open\src\hotspot\share\classfile\systemDictionary.cpp, line 312]
Event: 7.088 Thread 0x000001e6129485d0 Exception <a 'java/lang/ClassNotFoundException'{0x0000000705209c60}: org/springframework/context/support/LiveBeansView> (0x0000000705209c60) 
thrown [s\open\src\hotspot\share\classfile\systemDictionary.cpp, line 312]
Event: 7.088 Thread 0x000001e6129485d0 Exception <a 'java/lang/ClassNotFoundException'{0x000000070520a028}: org/springframework/context/support/LiveBeansView> (0x000000070520a028) 
thrown [s\open\src\hotspot\share\classfile\systemDictionary.cpp, line 312]
Event: 7.088 Thread 0x000001e6129485d0 Exception <a 'java/lang/ClassNotFoundException'{0x000000070520a3e8}: org/springframework/context/support/LiveBeansView> (0x000000070520a3e8) 
thrown [s\open\src\hotspot\share\classfile\systemDictionary.cpp, line 312]
Event: 7.089 Thread 0x000001e6129485d0 Exception <a 'java/lang/ClassNotFoundException'{0x000000070520a7a0}: org/springframework/context/support/LiveBeansView> (0x000000070520a7a0) 
thrown [s\open\src\hotspot\share\classfile\systemDictionary.cpp, line 312]
Event: 7.089 Thread 0x000001e6129485d0 Exception <a 'java/lang/ClassNotFoundException'{0x000000070520ab70}: org/springframework/context/support/LiveBeansView> (0x000000070520ab70) 
thrown [s\open\src\hotspot\share\classfile\systemDictionary.cpp, line 312]
Event: 7.089 Thread 0x000001e6129485d0 Exception <a 'java/lang/ClassNotFoundException'{0x000000070520af38}: org/springframework/context/support/LiveBeansView> (0x000000070520af38) 
thrown [s\open\src\hotspot\share\classfile\systemDictionary.cpp, line 312]
Event: 7.089 Thread 0x000001e6129485d0 Exception <a 'java/lang/ClassNotFoundException'{0x000000070520b300}: org/springframework/context/support/LiveBeansView> (0x000000070520b300) 
thrown [s\open\src\hotspot\share\classfile\systemDictionary.cpp, line 312]
Event: 7.089 Thread 0x000001e6129485d0 Exception <a 'java/lang/ClassNotFoundException'{0x000000070520b6c8}: org/springframework/context/support/LiveBeansView> (0x000000070520b6c8) 
thrown [s\open\src\hotspot\share\classfile\systemDictionary.cpp, line 312]
Event: 7.089 Thread 0x000001e6129485d0 Exception <a 'java/lang/ClassNotFoundException'{0x000000070520ba70}: org/springframework/context/support/LiveBeansView> (0x000000070520ba70) 
thrown [s\open\src\hotspot\share\classfile\systemDictionary.cpp, line 312]
Event: 7.089 Thread 0x000001e6129485d0 Exception <a 'java/lang/ClassNotFoundException'{0x000000070520be30}: org/springframework/context/support/LiveBeansView> (0x000000070520be30) 
thrown [s\open\src\hotspot\share\classfile\systemDictionary.cpp, line 312]
Event: 7.089 Thread 0x000001e6129485d0 Exception <a 'java/lang/ClassNotFoundException'{0x000000070520c1e0}: org/springframework/context/support/LiveBeansView> (0x000000070520c1e0) 
thrown [s\open\src\hotspot\share\classfile\systemDictionary.cpp, line 312]
Event: 7.102 Thread 0x000001e6129485d0 Exception <a 'java/lang/ClassNotFoundException'{0x00000007050fc768}: org/springframework/context/support/LiveBeansView> (0x00000007050fc768) 
thrown [s\open\src\hotspot\share\classfile\systemDictionary.cpp, line 312]
Event: 7.102 Thread 0x000001e6129485d0 Exception <a 'java/lang/ClassNotFoundException'{0x00000007050fcb38}: org/springframework/context/support/LiveBeansView> (0x00000007050fcb38) 
thrown [s\open\src\hotspot\share\classfile\systemDictionary.cpp, line 312]
Event: 7.102 Thread 0x000001e6129485d0 Exception <a 'java/lang/ClassNotFoundException'{0x00000007050fcef0}: org/springframework/context/support/LiveBeansView> (0x00000007050fcef0) 
thrown [s\open\src\hotspot\share\classfile\systemDictionary.cpp, line 312]
Event: 7.102 Thread 0x000001e6129485d0 Exception <a 'java/lang/ClassNotFoundException'{0x00000007050fd2a8}: org/springframework/context/support/LiveBeansView> (0x00000007050fd2a8) 
thrown [s\open\src\hotspot\share\classfile\systemDictionary.cpp, line 312]

ZGC Phase Switch (0 events):
No events

VM Operations (20 events):
Event: 6.175 Executing VM operation: HandshakeAllThreads (Deoptimize) done
Event: 6.217 Executing VM operation: G1CollectForAllocation (G1 Evacuation Pause)
Event: 6.232 Executing VM operation: G1CollectForAllocation (G1 Evacuation Pause) done
Event: 6.254 Executing VM operation: HandshakeAllThreads (Deoptimize)
Event: 6.254 Executing VM operation: HandshakeAllThreads (Deoptimize) done
Event: 6.257 Executing VM operation: HandshakeAllThreads (Deoptimize)
Event: 6.257 Executing VM operation: HandshakeAllThreads (Deoptimize) done
Event: 6.538 Executing VM operation: HandshakeAllThreads (Deoptimize)
Event: 6.538 Executing VM operation: HandshakeAllThreads (Deoptimize) done
Event: 6.538 Executing VM operation: HandshakeAllThreads (Deoptimize)
Event: 6.538 Executing VM operation: HandshakeAllThreads (Deoptimize) done
Event: 6.973 Executing VM operation: HandshakeAllThreads (Deoptimize)
Event: 6.974 Executing VM operation: HandshakeAllThreads (Deoptimize) done
Event: 6.986 Executing VM operation: ICBufferFull
Event: 6.987 Executing VM operation: ICBufferFull done
Event: 7.262 Executing VM operation: ICBufferFull
Event: 7.262 Executing VM operation: ICBufferFull done
Event: 7.529 Executing VM operation: ICBufferFull
Event: 7.529 Executing VM operation: ICBufferFull done
Event: 7.538 Executing VM operation: G1CollectForAllocation (G1 Evacuation Pause)

Events (20 events):
Event: 4.752 Thread 0x000001e5cca821b0 flushing nmethod 0x000001e5bd883f90
Event: 4.752 Thread 0x000001e5cca821b0 flushing nmethod 0x000001e5bd877a10
Event: 4.752 Thread 0x000001e5cca821b0 flushing nmethod 0x000001e5bd869f90
Event: 4.752 Thread 0x000001e5cca821b0 flushing nmethod 0x000001e5bd873110
Event: 4.752 Thread 0x000001e5cca821b0 flushing nmethod 0x000001e5bd868a10
Event: 4.752 Thread 0x000001e5cca821b0 flushing nmethod 0x000001e5bd868690
Event: 4.752 Thread 0x000001e5cca821b0 flushing nmethod 0x000001e5bd871f10
Event: 4.752 Thread 0x000001e5cca821b0 flushing nmethod 0x000001e5bd86c510
Event: 4.752 Thread 0x000001e5cca821b0 flushing nmethod 0x000001e5bd870f90
Event: 4.752 Thread 0x000001e5cca821b0 flushing nmethod 0x000001e5bd863510
Event: 4.752 Thread 0x000001e5cca821b0 flushing nmethod 0x000001e5bd85f790
Event: 4.752 Thread 0x000001e5cca821b0 flushing nmethod 0x000001e5bd83e690
Event: 4.752 Thread 0x000001e5cca821b0 flushing nmethod 0x000001e5bd84b610
Event: 4.752 Thread 0x000001e5cca821b0 flushing nmethod 0x000001e5bd849c90
Event: 4.752 Thread 0x000001e5cca821b0 flushing nmethod 0x000001e5bd847f90
Event: 4.752 Thread 0x000001e5cca821b0 flushing nmethod 0x000001e5bd831b90
Event: 4.752 Thread 0x000001e5cca821b0 flushing nmethod 0x000001e5bd831490
Event: 6.559 Thread 0x000001e617635a10 Thread added: 0x000001e617635a10
Event: 6.629 Thread 0x000001e617632c20 Thread added: 0x000001e617632c20
Event: 6.736 Thread 0x000001e6176332b0 Thread added: 0x000001e6176332b0


Dynamic libraries:
0x00007ff726170000 - 0x00007ff726180000 	C:\Program Files\Java\jdk-21\bin\java.exe
0x00007ffbac1f0000 - 0x00007ffbac3e8000 	C:\Windows\SYSTEM32\ntdll.dll
0x00007ffbab7d0000 - 0x00007ffbab892000 	C:\Windows\System32\KERNEL32.DLL
0x00007ffba99e0000 - 0x00007ffba9cdf000 	C:\Windows\System32\KERNELBASE.dll
0x00007ffbaa100000 - 0x00007ffbaa200000 	C:\Windows\System32\ucrtbase.dll
0x00007ffba0480000 - 0x00007ffba0499000 	C:\Program Files\Java\jdk-21\bin\jli.dll
0x00007ffba0460000 - 0x00007ffba047b000 	C:\Program Files\Java\jdk-21\bin\VCRUNTIME140.dll
0x00007ffbab9e0000 - 0x00007ffbaba91000 	C:\Windows\System32\ADVAPI32.dll
0x00007ffbabf60000 - 0x00007ffbabffe000 	C:\Windows\System32\msvcrt.dll
0x00007ffbab730000 - 0x00007ffbab7cf000 	C:\Windows\System32\sechost.dll
0x00007ffbabd20000 - 0x00007ffbabe43000 	C:\Windows\System32\RPCRT4.dll
0x00007ffba9f10000 - 0x00007ffba9f37000 	C:\Windows\System32\bcrypt.dll
0x00007ffbaa740000 - 0x00007ffbaa8dd000 	C:\Windows\System32\USER32.dll
0x00007ffb95260000 - 0x00007ffb954fa000 	C:\Windows\WinSxS\amd64_microsoft.windows.common-controls_6595b64144ccf1df_6.0.19041.4355_none_60b8b9eb71f62e16\COMCTL32.dll
0x00007ffba9ce0000 - 0x00007ffba9d02000 	C:\Windows\System32\win32u.dll
0x00007ffbabe50000 - 0x00007ffbabe7b000 	C:\Windows\System32\GDI32.dll
0x00007ffba9df0000 - 0x00007ffba9f07000 	C:\Windows\System32\gdi32full.dll
0x00007ffba9ff0000 - 0x00007ffbaa08d000 	C:\Windows\System32\msvcp_win.dll
0x00007ffba2ea0000 - 0x00007ffba2eaa000 	C:\Windows\SYSTEM32\VERSION.dll
0x00007ffbab8a0000 - 0x00007ffbab8cf000 	C:\Windows\System32\IMM32.DLL
0x00007ffba5a20000 - 0x00007ffba5a2c000 	C:\Program Files\Java\jdk-21\bin\vcruntime140_1.dll
0x00007ffb88dd0000 - 0x00007ffb88e5e000 	C:\Program Files\Java\jdk-21\bin\msvcp140.dll
0x00007ffb770d0000 - 0x00007ffb77de5000 	C:\Program Files\Java\jdk-21\bin\server\jvm.dll
0x00007ffbaade0000 - 0x00007ffbaae4b000 	C:\Windows\System32\WS2_32.dll
0x00007ffba9760000 - 0x00007ffba97ab000 	C:\Windows\SYSTEM32\POWRPROF.dll
0x00007ffba1190000 - 0x00007ffba11b7000 	C:\Windows\SYSTEM32\WINMM.dll
0x00007ffba9730000 - 0x00007ffba9742000 	C:\Windows\SYSTEM32\UMPDC.dll
0x00007ffba80f0000 - 0x00007ffba8102000 	C:\Windows\SYSTEM32\kernel.appcore.dll
0x00007ffba5750000 - 0x00007ffba575a000 	C:\Program Files\Java\jdk-21\bin\jimage.dll
0x00007ffba1460000 - 0x00007ffba1644000 	C:\Windows\SYSTEM32\DBGHELP.DLL
0x00007ffba11c0000 - 0x00007ffba11f4000 	C:\Windows\SYSTEM32\dbgcore.DLL
0x00007ffba9d60000 - 0x00007ffba9de2000 	C:\Windows\System32\bcryptPrimitives.dll
0x00007ffb94c60000 - 0x00007ffb94c9c000 	C:\Program Files\Java\jdk-21\bin\jdwp.dll
0x00007ffba0200000 - 0x00007ffba021f000 	C:\Program Files\Java\jdk-21\bin\java.dll
0x00007ffbaaf60000 - 0x00007ffbab6ce000 	C:\Windows\System32\SHELL32.dll
0x00007ffba78e0000 - 0x00007ffba8084000 	C:\Windows\SYSTEM32\windows.storage.dll
0x00007ffbaa200000 - 0x00007ffbaa555000 	C:\Windows\System32\combase.dll
0x00007ffba91e0000 - 0x00007ffba920f000 	C:\Windows\SYSTEM32\Wldp.dll
0x00007ffbabe80000 - 0x00007ffbabf4d000 	C:\Windows\System32\OLEAUT32.dll
0x00007ffbaaeb0000 - 0x00007ffbaaf5d000 	C:\Windows\System32\SHCORE.dll
0x00007ffbab970000 - 0x00007ffbab9c5000 	C:\Windows\System32\shlwapi.dll
0x00007ffba97b0000 - 0x00007ffba97d4000 	C:\Windows\SYSTEM32\profapi.dll
0x00007ffb84ff0000 - 0x00007ffb850c7000 	C:\Program Files\Java\jdk-21\bin\jsvml.dll
0x00007ffba3880000 - 0x00007ffba388c000 	C:\Program Files\Java\jdk-21\bin\dt_socket.dll
0x00007ffba8c20000 - 0x00007ffba8c5b000 	C:\Windows\SYSTEM32\IPHLPAPI.DLL
0x00007ffba8f40000 - 0x00007ffba8faa000 	C:\Windows\system32\mswsock.dll
0x00007ffba8c60000 - 0x00007ffba8d2a000 	C:\Windows\SYSTEM32\DNSAPI.dll
0x00007ffbab8d0000 - 0x00007ffbab8d8000 	C:\Windows\System32\NSI.dll
0x00007ffb9ed80000 - 0x00007ffb9ed8a000 	C:\Windows\System32\rasadhlp.dll
0x00007ffb9eda0000 - 0x00007ffb9ee20000 	C:\Windows\System32\fwpuclnt.dll
0x00007ffba30c0000 - 0x00007ffba30d0000 	C:\Program Files\Java\jdk-21\bin\net.dll
0x00007ffba1f70000 - 0x00007ffba207d000 	C:\Windows\SYSTEM32\WINHTTP.dll
0x00007ffba0110000 - 0x00007ffba0126000 	C:\Program Files\Java\jdk-21\bin\nio.dll
0x00007ffba00a0000 - 0x00007ffba00b8000 	C:\Program Files\Java\jdk-21\bin\zip.dll
0x00007ffba0c20000 - 0x00007ffba0c2a000 	C:\Program Files\Java\jdk-21\bin\management.dll
0x00007ffba01f0000 - 0x00007ffba01fb000 	C:\Program Files\Java\jdk-21\bin\management_ext.dll
0x00007ffbabf50000 - 0x00007ffbabf58000 	C:\Windows\System32\PSAPI.DLL
0x00007ffb8b7e0000 - 0x00007ffb8b7f7000 	C:\Windows\system32\napinsp.dll
0x00007ffb8bea0000 - 0x00007ffb8bebb000 	C:\Windows\system32\pnrpnsp.dll
0x00007ffb87fb0000 - 0x00007ffb87fc5000 	C:\Windows\system32\wshbth.dll
0x00007ffba3d70000 - 0x00007ffba3d8d000 	C:\Windows\system32\NLAapi.dll
0x00007ffb8f4d0000 - 0x00007ffb8f4e2000 	C:\Windows\System32\winrnr.dll
0x00007ffba9140000 - 0x00007ffba9158000 	C:\Windows\SYSTEM32\CRYPTSP.dll
0x00007ffba8860000 - 0x00007ffba8894000 	C:\Windows\system32\rsaenh.dll
0x00007ffba96c0000 - 0x00007ffba96ee000 	C:\Windows\SYSTEM32\USERENV.dll
0x00007ffba9130000 - 0x00007ffba913c000 	C:\Windows\SYSTEM32\CRYPTBASE.dll
0x00007ffb9fec0000 - 0x00007ffb9fec7000 	C:\Program Files\Java\jdk-21\bin\extnet.dll
0x00007ffb9fd30000 - 0x00007ffb9fd3e000 	C:\Program Files\Java\jdk-21\bin\sunmscapi.dll
0x00007ffba9880000 - 0x00007ffba99dc000 	C:\Windows\System32\CRYPT32.dll
0x00007ffba9250000 - 0x00007ffba9277000 	C:\Windows\SYSTEM32\ncrypt.dll
0x00007ffba9210000 - 0x00007ffba924b000 	C:\Windows\SYSTEM32\NTASN1.dll
0x00007ffb9fd20000 - 0x00007ffb9fd30000 	C:\Program Files\Java\jdk-21\bin\verify.dll

dbghelp: loaded successfully - version: 4.0.5 - missing functions: none
symbol engine: initialized successfully - sym options: 0x614 - pdb path: .;C:\Program Files\Java\jdk-21\bin;C:\Windows\SYSTEM32;C:\Windows\WinSxS\amd64_microsoft.windows.common-controls_6595b64144ccf1df_6.0.19041.4355_none_60b8b9eb71f62e16;C:\Program Files\Java\jdk-21\bin\server

VM Arguments:
jvm_args: -agentlib:jdwp=transport=dt_socket,server=n,suspend=y,address=localhost:64465 -XX:+ShowCodeDetailsInExceptionMessages -Dspring.jmx.enabled=true -Dmanagement.endpoints.jmx.exposure.include=* -Dspring.application.admin.enabled=true -Dspring.boot.project.name=backend -Djava.rmi.server.hostname=localhost -Dcom.sun.management.jmxremote.port=45556 -Dcom.sun.management.jmxremote.authenticate=false -Dcom.sun.management.jmxremote.ssl=false 
java_command: com.guardias.backend.BackendApplication
java_class_path (initial): C:\Users\Fabi\Documents\DPH\BACK\backend\target\classes;C:\Users\Fabi\.m2\repository\org\springframework\boot\spring-boot-starter-actuator\3.1.5\spring-boot-starter-actuator-3.1.5.jar;C:\Users\Fabi\.m2\repository\org\springframework\boot\spring-boot-starter\3.1.5\spring-boot-starter-3.1.5.jar;C:\Users\Fabi\.m2\repository\org\springframework\boot\spring-boot\3.1.5\spring-boot-3.1.5.jar;C:\Users\Fabi\.m2\repository\org\springframework\boot\spring-boot-autoconfigure\3.1.5\spring-boot-autoconfigure-3.1.5.jar;C:\Users\Fabi\.m2\repository\org\springframework\boot\spring-boot-starter-logging\3.1.5\spring-boot-starter-logging-3.1.5.jar;C:\Users\Fabi\.m2\repository\ch\qos\logback\logback-classic\1.4.11\logback-classic-1.4.11.jar;C:\Users\Fabi\.m2\repository\ch\qos\logback\logback-core\1.4.11\logback-core-1.4.11.jar;C:\Users\Fabi\.m2\repository\org\apache\logging\log4j\log4j-to-slf4j\2.20.0\log4j-to-slf4j-2.20.0.jar;C:\Users\Fabi\.m2\repository\org\apache\logging\log4j\log4j-api\2.20.0\log4j-api-2.20.0.jar;C:\Users\Fabi\.m2\repository\org\slf4j\jul-to-slf4j\2.0.9\jul-to-slf4j-2.0.9.jar;C:\Users\Fabi\.m2\repository\jakarta\annotation\jakarta.annotation-api\2.1.1\jakarta.annotation-api-2.1.1.jar;C:\Users\Fabi\.m2\repository\org\yaml\snakeyaml\1.33\snakeyaml-1.33.jar;C:\Users\Fabi\.m2\repository\org\springframework\boot\spring-boot-actuator-autoconfigure\3.1.5\spring-boot-actuator-autoconfigure-3.1.5.jar;C:\Users\Fabi\.m2\repository\org\springframework\boot\spring-boot-actuator\3.1.5\spring-boot-actuator-3.1.5.jar;C:\Users\Fabi\.m2\repository\com\fasterxml\jackson\datatype\jackson-datatype-jsr310\2.15.3\jackson-datatype-jsr310-2.15.3.jar;C:\Users\Fabi\.m2\repository\io\micrometer\micrometer-observation\1.11.5\micrometer-observation-1.11.5.jar;C:\Users\Fabi\.m2\repository\io\micrometer\micrometer-commons\1.11.5\micrometer-commons-1.11.5.jar;C:\Users\Fabi\.m2\repository\io\micrometer\micrometer-core\1.11.5\micrometer-core-1.11.5.jar;C:\Users\Fabi\.m2\repository\org\hdrhistogram\HdrHistogram\2.1.12\HdrHistogram-2.1.12.jar;C:\Users\Fabi\.m2\repository\org\latencyutils\LatencyUtils\2.0.3\LatencyUtils-2.0.3.jar;C:\Users\Fabi\.m2\repository\org\springframework\boot\spring-boot-starter-validation\3.1.5\spring-boot-starter-validation-3.1.5.jar;C:\Users\Fabi\.m2\repository\org\apache\tomcat\embed\tomcat-embed-el\10.1.15\tomcat-embed-el-10.1.15.jar;C:\Users\Fabi\.m2\repository\org\hibernate\validator\hibernate-validator\8.0.1.Final\hibernate-validator-8.0.1.Final.jar;C:\Users\Fabi\.m2\repository\jakarta\validation\jakarta.validation-api\3.0.2\jakarta.validation-api-3.0.2.jar;C:\Users\Fabi\.m2\repository\org\jboss\logging\jboss-logging\3.5.3.Final\jboss-logging-3.5.3.Final.jar;C:\Users\Fabi\.m2\repository\com\fasterxml\classmate\1.5.1\classmate-1.5.1.jar;C:\Users\Fabi\.m2\repository\org\springframework\boot\spring-boot-starter-data-jpa\3.1.5\spring-boot-starter-data-jpa-3.1.5.jar;C:\Users\Fabi\.m2\repository\org\springframework\boot\spring-boot-starter-aop\3.1.5\spring-boot-starter-aop-3.1.5.jar;C:\Users\Fabi\.m2\repository\org\aspectj\aspectjweaver\1.9.20\aspectjweaver-1.9.20.jar;C:\Users\Fabi\.m2\repository\org\springframework\boot\spring-boot-starter-jdbc\3.1.5\spring-boot-starter-jdbc-3.1.5.jar;C:\Users\Fabi\.m2\repository\com\zaxxer\HikariCP\5.0.1\HikariCP-5.0.1.jar;C:\Users\Fabi\.m2\repository\org\springframework\spring-jdbc\6.0.13\spring-jdbc-6.0.13.jar;C:\Users\Fabi\.m2\repository\org\hibernate\orm\hibernate-core\6.2.13.Final\hibernate-core-6.2.13.Final.jar;C:\Users\Fabi\.m2\repository\jakarta\transaction\jakarta.transaction-api\2.0.1\jakarta.transaction-api-2.0.1.jar;C:\Users\Fabi\.m2\repository\org\hibernate\common\hibernate-commons-annotations\6.0.6.Final\hibernate-commons-annotations-6.0.6.Final.jar;C:\Users\Fabi\.m2\repository\io\smallrye\jandex\3.0.5\jandex-3.0.5.jar;C:\Users\Fabi\.m2\repository\net\bytebuddy\byte-buddy\1.14.9\byte-buddy-1.14.9.jar;C:\Users\Fabi\.m2\repository\org\glassfish\jaxb\jaxb-runtime\4.0.3\jaxb-runtime-4.0.3.jar;C:\Users\Fabi\.m2\repository\org\glassfish\jaxb\jaxb-core\4.0.3\jaxb-core-4.0.3.jar;C:\Users\Fabi\.m2\repository\org\eclipse\angus\angus-activation\2.0.1\angus-activation-2.0.1.jar;C:\Users\Fabi\.m2\repository\org\glassfish\jaxb\txw2\4.0.3\txw2-4.0.3.jar;C:\Users\Fabi\.m2\repository\com\sun\istack\istack-commons-runtime\4.1.2\istack-commons-runtime-4.1.2.jar;C:\Users\Fabi\.m2\repository\jakarta\inject\jakarta.inject-api\2.0.1\jakarta.inject-api-2.0.1.jar;C:\Users\Fabi\.m2\repository\org\antlr\antlr4-runtime\4.10.1\antlr4-runtime-4.10.1.jar;C:\Users\Fabi\.m2\repository\org\springframework\data\spring-data-jpa\3.1.5\spring-data-jpa-3.1.5.jar;C:\Users\Fabi\.m2\repository\org\springframework\data\spring-data-commons\3.1.5\spring-data-commons-3.1.5.jar;C:\Users\Fabi\.m2\repository\org\springframework\spring-orm\6.0.13\spring-orm-6.0.13.jar;C:\Users\Fabi\.m2\repository\org\springframework\spring-context\6.0.13\spring-context-6.0.13.jar;C:\Users\Fabi\.m2\repository\org\springframework\spring-tx\6.0.13\spring-tx-6.0.13.jar;C:\Users\Fabi\.m2\repository\org\springframework\spring-beans\6.0.13\spring-beans-6.0.13.jar;C:\Users\Fabi\.m2\repository\org\slf4j\slf4j-api\2.0.9\slf4j-api-2.0.9.jar;C:\Users\Fabi\.m2\repository\org\springframework\spring-aspects\6.0.13\spring-aspects-6.0.13.jar;C:\Users\Fabi\.m2\repository\org\springframework\boot\spring-boot-starter-web\3.1.5\spring-boot-starter-web-3.1.5.jar;C:\Users\Fabi\.m2\repository\org\springframework\boot\spring-boot-starter-json\3.1.5\spring-boot-starter-json-3.1.5.jar;C:\Users\Fabi\.m2\repository\com\fasterxml\jackson\datatype\jackson-datatype-jdk8\2.15.3\jackson-datatype-jdk8-2.15.3.jar;C:\Users\Fabi\.m2\repository\com\fasterxml\jackson\module\jackson-module-parameter-names\2.15.3\jackson-module-parameter-names-2.15.3.jar;C:\Users\Fabi\.m2\repository\org\springframework\boot\spring-boot-starter-tomcat\3.1.5\spring-boot-starter-tomcat-3.1.5.jar;C:\Users\Fabi\.m2\repository\org\apache\tomcat\embed\tomcat-embed-core\10.1.15\tomcat-embed-core-10.1.15.jar;C:\Users\Fabi\.m2\repository\org\apache\tomcat\embed\tomcat-embed-websocket\10.1.15\tomcat-embed-websocket-10.1.15.jar;C:\Users\Fabi\.m2\repository\org\springframework\spring-web\6.0.13\spring-web-6.0.13.jar;C:\Users\Fabi\.m2\repository\org\springframework\spring-webmvc\6.0.13\spring-webmvc-6.0.13.jar;C:\Users\Fabi\.m2\repository\org\springframework\spring-expression\6.0.13\spring-expression-6.0.13.jar;C:\Users\Fabi\.m2\repository\com\microsoft\sqlserver\mssql-jdbc\11.2.3.jre17\mssql-jdbc-11.2.3.jre17.jar;C:\Users\Fabi\.m2\repository\jakarta\xml\bind\jakarta.xml.bind-api\4.0.1\jakarta.xml.bind-api-4.0.1.jar;C:\Users\Fabi\.m2\repository\jakarta\activation\jakarta.activation-api\2.1.2\jakarta.activation-api-2.1.2.jar;C:\Users\Fabi\.m2\repository\org\springframework\spring-core\6.0.13\spring-core-6.0.13.jar;C:\Users\Fabi\.m2\repository\org\springframework\spring-jcl\6.0.13\spring-jcl-6.0.13.jar;C:\Users\Fabi\.m2\repository\org\apache\commons\commons-lang3\3.13.0\commons-lang3-3.13.0.jar;C:\Users\Fabi\.m2\repository\org\projectlombok\lombok\1.18.30\lombok-1.18.30.jar;C:\Users\Fabi\.m2\repository\jakarta\persistence\jakarta.persistence-api\3.1.0\jakarta.persistence-api-3.1.0.jar;C:\Users\Fabi\.m2\repository\org\springframework\boot\spring-boot-starter-security\3.1.5\spring-boot-starter-security-3.1.5.jar;C:\Users\Fabi\.m2\repository\org\springframework\spring-aop\6.0.13\spring-aop-6.0.13.jar;C:\Users\Fabi\.m2\repository\org\springframework\security\spring-security-config\6.1.5\spring-security-config-6.1.5.jar;C:\Users\Fabi\.m2\repository\org\springframework\security\spring-security-core\6.1.5\spring-security-core-6.1.5.jar;C:\Users\Fabi\.m2\repository\org\springframework\security\spring-security-crypto\6.1.5\spring-security-crypto-6.1.5.jar;C:\Users\Fabi\.m2\repository\org\springframework\security\spring-security-web\6.1.5\spring-security-web-6.1.5.jar;C:\Users\Fabi\.m2\repository\io\jsonwebtoken\jjwt-api\0.11.5\jjwt-api-0.11.5.jar;C:\Users\Fabi\.m2\repository\io\jsonwebtoken\jjwt-impl\0.11.5\jjwt-impl-0.11.5.jar;C:\Users\Fabi\.m2\repository\io\jsonwebtoken\jjwt-jackson\0.11.5\jjwt-jackson-0.11.5.jar;C:\Users\Fabi\.m2\repository\com\fasterxml\jackson\core\jackson-databind\2.15.3\jackson-databind-2.15.3.jar;C:\Users\Fabi\.m2\repository\com\fasterxml\jackson\core\jackson-annotations\2.15.3\jackson-annotations-2.15.3.jar;C:\Users\Fabi\.m2\repository\com\fasterxml\jackson\core\jackson-core\2.15.3\jackson-core-2.15.3.jar
Launcher Type: SUN_STANDARD

[Global flags]
     intx CICompilerCount                          = 4                                         {product} {ergonomic}
     uint ConcGCThreads                            = 2                                         {product} {ergonomic}
     uint G1ConcRefinementThreads                  = 8                                         {product} {ergonomic}
   size_t G1HeapRegionSize                         = 2097152                                   {product} {ergonomic}
    uintx GCDrainStackTargetSize                   = 64                                        {product} {ergonomic}
   size_t InitialHeapSize                          = 268435456                                 {product} {ergonomic}
     bool ManagementServer                         = true                                      {product} {command line}
   size_t MarkStackSize                            = 4194304                                   {product} {ergonomic}
   size_t MaxHeapSize                              = 4278190080                                {product} {ergonomic}
   size_t MaxNewSize                               = 2566914048                                {product} {ergonomic}
   size_t MinHeapDeltaBytes                        = 2097152                                   {product} {ergonomic}
   size_t MinHeapSize                              = 8388608                                   {product} {ergonomic}
    uintx NonNMethodCodeHeapSize                   = 5839372                                {pd product} {ergonomic}
    uintx NonProfiledCodeHeapSize                  = 122909434                              {pd product} {ergonomic}
    uintx ProfiledCodeHeapSize                     = 122909434                              {pd product} {ergonomic}
    uintx ReservedCodeCacheSize                    = 251658240                              {pd product} {ergonomic}
     bool SegmentedCodeCache                       = true                                      {product} {ergonomic}
     bool ShowCodeDetailsInExceptionMessages       = true                                   {manageable} {command line}
   size_t SoftMaxHeapSize                          = 4278190080                             {manageable} {ergonomic}
     bool UseCompressedOops                        = true                           {product lp64_product} {ergonomic}
     bool UseG1GC                                  = true                                      {product} {ergonomic}
     bool UseLargePagesIndividualAllocation        = false                                  {pd product} {ergonomic}

Logging:
Log output configuration:
 #0: stdout all=warning uptime,level,tags foldmultilines=false
 #1: stderr all=off uptime,level,tags foldmultilines=false

Environment Variables:
PATH=C:\Program Files\Common Files\Oracle\Java\javapath;C:\Windows\system32;C:\Windows;C:\Windows\System32\Wbem;C:\Windows\System32\WindowsPowerShell\v1.0\;C:\Windows\System32\OpenSSH\;C:\Program Files\Git\cmd;C:\Program Files (x86)\Microsoft SQL Server\160\DTS\Binn\;C:\Program Files\Azure Data Studio\bin;C:\Program Files\nodejs\;C:\Users\Fabi\AppData\Roaming\npm;C:\Program Files\Bandizip\;C:\Program Files\PuTTY\;C:\Users\Fabi\AppData\Local\Microsoft\WindowsApps;;C:\Users\Fabi\AppData\Local\Programs\Microsoft VS Code\bin;C:\Program Files\Azure Data Studio\bin;C:\Users\Fabi\AppData\Roaming\npm
USERNAME=Fabi
LANG=en_US.UTF-8
OS=Windows_NT
PROCESSOR_IDENTIFIER=Intel64 Family 6 Model 60 Stepping 3, GenuineIntel
TMP=C:\Users\Fabi\AppData\Local\Temp
TEMP=C:\Users\Fabi\AppData\Local\Temp




Periodic native trim disabled

---------------  S Y S T E M  ---------------

OS:
 Windows 10 , 64 bit Build 19041 (10.0.19041.5198)
OS uptime: 2 days 8:53 hours

CPU: total 8 (initial active 8) (4 cores per cpu, 2 threads per core) family 6 model 60 stepping 3 microcode 0x27, cx8, cmov, fxsr, ht, mmx, sse, sse2, sse3, ssse3, sse4.1, sse4.2, popcnt, lzcnt, tsc, tscinvbit, avx, avx2, aes, erms, clmul, bmi1, bmi2, fma, vzeroupper, clflush, rdtscp, f16c
Processor Information for all 8 processors :
  Max Mhz: 2401, Current Mhz: 2401, Mhz Limit: 2401

Memory: 4k page, system-wide physical 16316M (8083M free)
TotalPageFile size 18748M (AvailPageFile size 8528M)
current process WorkingSet (physical memory assigned to process): 326M, peak: 344M
current process commit charge ("private bytes"): 364M, peak: 407M

vm_info: Java HotSpot(TM) 64-Bit Server VM (21.0.1+12-LTS-29) for windows-amd64 JRE (21.0.1+12-LTS-29), built on 2023-10-05T13:27:09Z by "mach5one" with MS VC++ 17.1 (VS2022)

END.
